Archive member included to satisfy reference by file (symbol)

c:/nxp/mcuxpressoide_11.2.0_4120/ide/plugins/com.nxp.mcuxpresso.tools.win32_11.2.0.202001021529/tools/bin/../lib/gcc/arm-none-eabi/9.2.1/thumb/v7e-m+dp/hard\libgcc.a(_aeabi_ldivmod.o)
                              ./source/drivers/ocotp/bl_ocotp.o (__aeabi_ldivmod)
c:/nxp/mcuxpressoide_11.2.0_4120/ide/plugins/com.nxp.mcuxpresso.tools.win32_11.2.0.202001021529/tools/bin/../lib/gcc/arm-none-eabi/9.2.1/thumb/v7e-m+dp/hard\libgcc.a(_aeabi_uldivmod.o)
                              ./source/drivers/ocotp/bl_ocotp.o (__aeabi_uldivmod)
c:/nxp/mcuxpressoide_11.2.0_4120/ide/plugins/com.nxp.mcuxpresso.tools.win32_11.2.0.202001021529/tools/bin/../lib/gcc/arm-none-eabi/9.2.1/thumb/v7e-m+dp/hard\libgcc.a(_udivmoddi4.o)
                              c:/nxp/mcuxpressoide_11.2.0_4120/ide/plugins/com.nxp.mcuxpresso.tools.win32_11.2.0.202001021529/tools/bin/../lib/gcc/arm-none-eabi/9.2.1/thumb/v7e-m+dp/hard\libgcc.a(_aeabi_ldivmod.o) (__udivmoddi4)
c:/nxp/mcuxpressoide_11.2.0_4120/ide/plugins/com.nxp.mcuxpresso.tools.win32_11.2.0.202001021529/tools/bin/../lib/gcc/arm-none-eabi/9.2.1/thumb/v7e-m+dp/hard\libgcc.a(_dvmd_tls.o)
                              c:/nxp/mcuxpressoide_11.2.0_4120/ide/plugins/com.nxp.mcuxpresso.tools.win32_11.2.0.202001021529/tools/bin/../lib/gcc/arm-none-eabi/9.2.1/thumb/v7e-m+dp/hard\libgcc.a(_aeabi_ldivmod.o) (__aeabi_ldiv0)
c:/nxp/mcuxpressoide_11.2.0_4120/ide/plugins/com.nxp.mcuxpresso.tools.win32_11.2.0.202001021529/tools/bin/../lib/gcc/arm-none-eabi/9.2.1/../../../../arm-none-eabi/lib/thumb/v7e-m+dp/hard\libc_nano.a(lib_a-malloc.o)
                              ./drivers/fsl_common.o (malloc)
c:/nxp/mcuxpressoide_11.2.0_4120/ide/plugins/com.nxp.mcuxpresso.tools.win32_11.2.0.202001021529/tools/bin/../lib/gcc/arm-none-eabi/9.2.1/../../../../arm-none-eabi/lib/thumb/v7e-m+dp/hard\libc_nano.a(lib_a-memcmp.o)
                              ./source/sbloader/src/sbloader.o (memcmp)
c:/nxp/mcuxpressoide_11.2.0_4120/ide/plugins/com.nxp.mcuxpresso.tools.win32_11.2.0.202001021529/tools/bin/../lib/gcc/arm-none-eabi/9.2.1/../../../../arm-none-eabi/lib/thumb/v7e-m+dp/hard\libc_nano.a(lib_a-memcpy-stub.o)
                              ./source/property/src/property_imx.o (memcpy)
c:/nxp/mcuxpressoide_11.2.0_4120/ide/plugins/com.nxp.mcuxpresso.tools.win32_11.2.0.202001021529/tools/bin/../lib/gcc/arm-none-eabi/9.2.1/../../../../arm-none-eabi/lib/thumb/v7e-m+dp/hard\libc_nano.a(lib_a-memset.o)
                              ./source/sbloader/src/sbloader.o (memset)
c:/nxp/mcuxpressoide_11.2.0_4120/ide/plugins/com.nxp.mcuxpresso.tools.win32_11.2.0.202001021529/tools/bin/../lib/gcc/arm-none-eabi/9.2.1/../../../../arm-none-eabi/lib/thumb/v7e-m+dp/hard\libc_nano.a(lib_a-nano-freer.o)
                              c:/nxp/mcuxpressoide_11.2.0_4120/ide/plugins/com.nxp.mcuxpresso.tools.win32_11.2.0.202001021529/tools/bin/../lib/gcc/arm-none-eabi/9.2.1/../../../../arm-none-eabi/lib/thumb/v7e-m+dp/hard\libc_nano.a(lib_a-malloc.o) (_free_r)
c:/nxp/mcuxpressoide_11.2.0_4120/ide/plugins/com.nxp.mcuxpresso.tools.win32_11.2.0.202001021529/tools/bin/../lib/gcc/arm-none-eabi/9.2.1/../../../../arm-none-eabi/lib/thumb/v7e-m+dp/hard\libc_nano.a(lib_a-nano-mallocr.o)
                              c:/nxp/mcuxpressoide_11.2.0_4120/ide/plugins/com.nxp.mcuxpresso.tools.win32_11.2.0.202001021529/tools/bin/../lib/gcc/arm-none-eabi/9.2.1/../../../../arm-none-eabi/lib/thumb/v7e-m+dp/hard\libc_nano.a(lib_a-malloc.o) (_malloc_r)
c:/nxp/mcuxpressoide_11.2.0_4120/ide/plugins/com.nxp.mcuxpresso.tools.win32_11.2.0.202001021529/tools/bin/../lib/gcc/arm-none-eabi/9.2.1/../../../../arm-none-eabi/lib/thumb/v7e-m+dp/hard\libc_nano.a(lib_a-sbrkr.o)
                              c:/nxp/mcuxpressoide_11.2.0_4120/ide/plugins/com.nxp.mcuxpresso.tools.win32_11.2.0.202001021529/tools/bin/../lib/gcc/arm-none-eabi/9.2.1/../../../../arm-none-eabi/lib/thumb/v7e-m+dp/hard\libc_nano.a(lib_a-nano-mallocr.o) (_sbrk_r)
c:/nxp/mcuxpressoide_11.2.0_4120/ide/plugins/com.nxp.mcuxpresso.tools.win32_11.2.0.202001021529/tools/bin/../lib/gcc/arm-none-eabi/9.2.1/../../../../arm-none-eabi/lib/thumb/v7e-m+dp/hard\libc_nano.a(lib_a-impure.o)
                              c:/nxp/mcuxpressoide_11.2.0_4120/ide/plugins/com.nxp.mcuxpresso.tools.win32_11.2.0.202001021529/tools/bin/../lib/gcc/arm-none-eabi/9.2.1/../../../../arm-none-eabi/lib/thumb/v7e-m+dp/hard\libc_nano.a(lib_a-malloc.o) (_impure_ptr)
c:/nxp/mcuxpressoide_11.2.0_4120/ide/plugins/com.nxp.mcuxpresso.tools.win32_11.2.0.202001021529/tools/bin/../lib/gcc/arm-none-eabi/9.2.1/../../../../arm-none-eabi/lib/thumb/v7e-m+dp/hard\libc_nano.a(lib_a-mlock.o)
                              c:/nxp/mcuxpressoide_11.2.0_4120/ide/plugins/com.nxp.mcuxpresso.tools.win32_11.2.0.202001021529/tools/bin/../lib/gcc/arm-none-eabi/9.2.1/../../../../arm-none-eabi/lib/thumb/v7e-m+dp/hard\libc_nano.a(lib_a-nano-freer.o) (__malloc_lock)
[...]
Memory Configuration

Name             Origin             Length             Attributes
m_flash_config   0x60000000         0x00001000         xr
m_ivt            0x60001000         0x00001000         xr
m_interrupts     0x60002000         0x00000400         xr
m_text           0x60002400         0x00039fff         xr
m_data           0x20208000         0x00017fff         rw
*default*        0x00000000         0xffffffff

Linker script and memory map

LOAD ./usb/phy/usb_phy.o
LOAD ./usb/device/source/ehci/usb_device_ehci.o
LOAD ./usb/device/source/usb_device_ch9.o
LOAD ./usb/device/source/usb_device_dci.o
LOAD ./usb/device/class/hid/usb_device_hid.o
LOAD ./usb/device/class/usb_device_class.o
LOAD ./startup/crt0_gcc.o
LOAD ./startup/startup.o
LOAD ./startup/startup_MIMXRT1062.o
LOAD ./source/utilities/src/debug_util.o
LOAD ./source/utilities/src/fsl_assert.o
LOAD ./source/utilities/src/fsl_rtos_abstraction.o
LOAD ./source/usb/bm_composite/composite.o
LOAD ./source/usb/bm_composite/hid_bootloader.o
LOAD ./source/usb/bm_composite/usb_descriptor.o
LOAD ./source/sbloader/src/sbloader.o
LOAD ./source/property/src/property_imx.o
LOAD ./source/packet/src/serial_packet.o
LOAD ./source/memory/src/flexspi_nor_memory.o
LOAD ./source/memory/src/memory.o
LOAD ./source/memory/src/mmc_memory.o
LOAD ./source/memory/src/normal_memory.o
LOAD ./source/memory/src/pattern_fill_gcc.o
LOAD ./source/memory/src/sd_memory.o
LOAD ./source/memory/src/semc_nand_memory.o
LOAD ./source/memory/src/semc_nor_memory.o
LOAD ./source/memory/src/spi_nor_eeprom_memory.o
LOAD ./source/memory/src/spinand_memory.o
LOAD ./source/memory/src/sram_init_MIMXRT1062.o
LOAD ./source/drivers/usdhc/bl_usdhc.o
LOAD ./source/drivers/trng/bl_trng.o
LOAD ./source/drivers/serial_nor_eeprom/serial_nor_eeprom.o
LOAD ./source/drivers/semc_nor/semc_nor_flash.o
LOAD ./source/drivers/semc_nand/semc_nand_flash.o
LOAD ./source/drivers/semc/bl_semc.o
LOAD ./source/drivers/sdmmc/bl_host.o
LOAD ./source/drivers/sdmmc/bl_mmc.o
LOAD ./source/drivers/sdmmc/bl_sd.o
LOAD ./source/drivers/sdmmc/bl_sdmmc.o
LOAD ./source/drivers/ocotp/bl_ocotp.o
LOAD ./source/drivers/nand_ecc/nand_ecc.o
LOAD ./source/drivers/microseconds/microseconds_pit.o
LOAD ./source/drivers/flexspi_nor/flexspi_nor_flash.o
LOAD ./source/drivers/flexspi_nand/flexspi_nand_flash.o
LOAD ./source/drivers/flexspi/bl_flexspi.o
LOAD ./source/drivers/dcp/bl_dcp.o
LOAD ./source/crc/crc16.o
LOAD ./source/crc/crc32.o
LOAD ./source/bootloader/src/bl_app_crc_check.o
LOAD ./source/bootloader/src/bl_command.o
LOAD ./source/bootloader/src/bl_context.o
LOAD ./source/bootloader/src/bl_exception_handler.o
LOAD ./source/bootloader/src/bl_keyblob.o
LOAD ./source/bootloader/src/bl_keyblob_dcp.o
LOAD ./source/bootloader/src/bl_main.o
LOAD ./source/bootloader/src/bl_misc.o
LOAD ./source/bootloader/src/bl_nor_encrypt_bee.o
LOAD ./source/bootloader/src/bl_reliable_update_common.o
LOAD ./source/bootloader/src/bl_shutdown_cleanup.o
LOAD ./source/bootloader/src/bl_tree_root.o
LOAD ./source/bootloader/src/bl_user_entry.o
LOAD ./source/bootloader/src/lpuart_peripheral_interface.o
LOAD ./source/bootloader/src/usb_hid_msc_peripheral_interface.o
LOAD ./source/autobaud/autobaud_irq.o
LOAD ./source/semihost_hardfault.o
LOAD ./drivers/fsl_clock.o
LOAD ./drivers/fsl_common.o
LOAD ./drivers/fsl_gpio.o
LOAD ./drivers/fsl_lpspi.o
LOAD ./drivers/fsl_lpuart.o
LOAD ./device/system_MIMXRT1062.o
LOAD ./component/osa/fsl_os_abstraction_bm.o
LOAD ./component/lists/generic_list.o
LOAD ./board/pin_mux.o
LOAD ./MIMXRT1062/bl_api.o
LOAD ./MIMXRT1062/bl_clock_config_MIMXRT1062.o
LOAD ./MIMXRT1062/bl_lpuart_irq_config_MIMXRT1062.o
LOAD ./MIMXRT1062/bl_peripherals_MIMXRT1062.o
LOAD ./MIMXRT1062/external_memory_property_map_MIMXRT1062.o
LOAD ./MIMXRT1062/flexspi_nand_config_MIMXRT1062.o
LOAD ./MIMXRT1062/flexspi_nor_config_MIMXRT1062.o
LOAD ./MIMXRT1062/hardware_init_MIMXRT1062.o
LOAD ./MIMXRT1062/memory_map_MIMXRT1062.o
LOAD ./MIMXRT1062/pinmux_utility_imxrt_series.o
LOAD ./MIMXRT1062/sdmmc_config_MIMXRT1062.o
LOAD ./MIMXRT1062/semc_nand_config_MIMXRT1062.o
LOAD ./MIMXRT1062/semc_nor_config_MIMXRT1062.o
                0x00000000                HEAP_SIZE = DEFINED (__heap_size__)?__heap_size__:0x0
                0x00002000                STACK_SIZE = DEFINED (__stack_size__)?__stack_size__:0x2000
START GROUP
LOAD c:/nxp/mcuxpressoide_11.2.0_4120/ide/plugins/com.nxp.mcuxpresso.tools.win32_11.2.0.202001021529/tools/bin/../lib/gcc/arm-none-eabi/9.2.1/../../../../arm-none-eabi/lib/thumb/v7e-m+dp/hard\libnosys.a
LOAD c:/nxp/mcuxpressoide_11.2.0_4120/ide/plugins/com.nxp.mcuxpresso.tools.win32_11.2.0.202001021529/tools/bin/../lib/gcc/arm-none-eabi/9.2.1/thumb/v7e-m+dp/hard\libgcc.a
LOAD c:/nxp/mcuxpressoide_11.2.0_4120/ide/plugins/com.nxp.mcuxpresso.tools.win32_11.2.0.202001021529/tools/bin/../lib/gcc/arm-none-eabi/9.2.1/../../../../arm-none-eabi/lib/thumb/v7e-m+dp/hard\libc_nano.a
LOAD c:/nxp/mcuxpressoide_11.2.0_4120/ide/plugins/com.nxp.mcuxpresso.tools.win32_11.2.0.202001021529/tools/bin/../lib/gcc/arm-none-eabi/9.2.1/../../../../arm-none-eabi/lib/thumb/v7e-m+dp/hard\libm.a
LOAD c:/nxp/mcuxpressoide_11.2.0_4120/ide/plugins/com.nxp.mcuxpresso.tools.win32_11.2.0.202001021529/tools/bin/../lib/gcc/arm-none-eabi/9.2.1/../../../../arm-none-eabi/lib/thumb/v7e-m+dp/hard\libcr_newlib_none.a
END GROUP

.flash_config   0x60000000      0x200
                0x60000000                . = ALIGN (0x4)
                0x60000000                __FLASH_BASE = .
 *(SORT_BY_ALIGNMENT(.boot_hdr.conf))
 .boot_hdr.conf
                0x60000000      0x200 ./MIMXRT1062/hardware_init_MIMXRT1062.o
                0x60000000                qspiflash_config
                0x60000200                . = ALIGN (0x4)
                0x60001000                ivt_begin = (ORIGIN (m_flash_config) + LENGTH (m_flash_config))

.ivt            0x60001000       0x30
                0x60001000                . = ALIGN (0x4)
 *(SORT_BY_ALIGNMENT(.boot_hdr.ivt))
 .boot_hdr.ivt  0x60001000       0x20 ./MIMXRT1062/hardware_init_MIMXRT1062.o
                0x60001000                image_vector_table
 *(SORT_BY_ALIGNMENT(.boot_hdr.boot_data))
 .boot_hdr.boot_data
                0x60001020       0x10 ./MIMXRT1062/hardware_init_MIMXRT1062.o
                0x60001020                boot_data
                0x60001030                . = ALIGN (0x4)

.interrupts     0x60002000      0x400
                0x60002000                __VECTOR_TABLE = .
                0x60002000                __Vectors = .
                0x60002000                . = ALIGN (0x4)
 *(SORT_BY_ALIGNMENT(.isr_vector))
 .isr_vector    0x60002000      0x400 ./startup/startup_MIMXRT1062.o
                0x60002000                __isr_vector
                0x60002400                . = ALIGN (0x4)
                0x60002000                __VECTOR_RAM = __VECTOR_TABLE
                0x00000000                __RAM_VECTOR_TABLE_SIZE_BYTES = 0x0

.text           0x60002400     0x6f24
                0x60002400                . = ALIGN (0x4)
 *(SORT_BY_ALIGNMENT(.text))
 .text          0x60002400       0x68 ./startup/crt0_gcc.o
                0x60002400                Reset_Handler
 .text          0x60002468      0x214 ./startup/startup_MIMXRT1062.o
                0x600024b0                USB_PHY1_IRQHandler
                0x600024b0                PWM1_3_IRQHandler
                0x600024b0                FLEXSPI2_DriverIRQHandler
                0x600024b0                SJC_IRQHandler
                0x600024b0                ADC_ETC_IRQ0_IRQHandler
                0x600024b0                DebugMon_Handler
                0x600024b0                SAI3_RX_DriverIRQHandler
                0x600024b0                PXP_IRQHandler
                0x600024b0                DMA13_DMA29_DriverIRQHandler
                0x600024b0                Reserved86_IRQHandler
                0x600024b0                SRC_IRQHandler
                0x600024b0                CTI1_ERROR_IRQHandler
                0x600024b0                GPIO2_Combined_0_15_IRQHandler
                0x600024b0                SPDIF_DriverIRQHandler
                0x600024b0                GPIO1_INT2_IRQHandler
                0x600024b0                CSI_IRQHandler
                0x600024b0                ANATOP_EVENT1_IRQHandler
                0x600024b0                ENET2_DriverIRQHandler
                0x600024b0                SNVS_LP_WRAPPER_IRQHandler
                0x600024b0                ENC2_IRQHandler
                0x600024b0                PWM2_2_IRQHandler
                0x600024b0                ANATOP_TEMP_PANIC_IRQHandler
                0x600024b0                PWM3_FAULT_IRQHandler
                0x600024b0                LCDIF_IRQHandler
                0x600024b0                PWM4_FAULT_IRQHandler
                0x600024b0                TRNG_IRQHandler
                0x600024b0                GPIO1_INT7_IRQHandler
                0x600024b0                CCM_1_IRQHandler
                0x600024b0                TMR1_IRQHandler
                0x600024b0                ADC_ETC_IRQ1_IRQHandler
                0x600024b0                CAN1_DriverIRQHandler
                0x600024b0                PWM4_0_IRQHandler
                0x600024b0                DMA_ERROR_DriverIRQHandler
                0x600024b0                CANFD_DriverIRQHandler
                0x600024b0                DMA7_DMA23_DriverIRQHandler
                0x600024b0                CTI0_ERROR_IRQHandler
                0x600024b0                GPIO5_Combined_0_15_IRQHandler
                0x600024b0                PWM1_0_IRQHandler
                0x600024b0                Reserved68_IRQHandler
                0x600024b0                LPI2C3_DriverIRQHandler
                0x600024b0                LPI2C2_DriverIRQHandler
                0x600024b0                USB_PHY2_IRQHandler
                0x600024b0                ENC4_IRQHandler
                0x600024b0                TSC_DIG_IRQHandler
                0x600024b0                GPIO4_Combined_16_31_IRQHandler
                0x600024b0                GPIO4_Combined_0_15_IRQHandler
                0x600024b0                DMA15_DMA31_DriverIRQHandler
                0x600024b0                PWM2_0_IRQHandler
                0x600024b0                DCP_VMI_IRQHandler
                0x600024b0                Reserved87_IRQHandler
                0x600024b0                DMA14_DMA30_DriverIRQHandler
                0x600024b0                ENET1_1588_Timer_DriverIRQHandler
                0x600024b0                BusFault_Handler
                0x600024b0                PWM2_1_IRQHandler
                0x600024b0                ACMP1_IRQHandler
                0x600024b0                PWM2_FAULT_IRQHandler
                0x600024b0                FLEXIO2_DriverIRQHandler
                0x600024b0                UsageFault_Handler
                0x600024b0                WDOG1_IRQHandler
                0x600024b0                DMA5_DMA21_DriverIRQHandler
                0x600024b0                GPT1_IRQHandler
                0x600024b0                FLEXRAM_IRQHandler
                0x600024b0                PWM4_1_IRQHandler
                0x600024b0                USB_OTG2_IRQHandler
                0x600024b0                ACMP4_IRQHandler
                0x600024b0                SEMC_IRQHandler
                0x600024b0                DMA0_DMA16_DriverIRQHandler
                0x600024b0                DefaultISR
                0x600024b0                PWM1_1_IRQHandler
                0x600024b0                GPT2_IRQHandler
                0x600024b0                DMA2_DMA18_DriverIRQHandler
                0x600024b0                PWM3_0_IRQHandler
                0x600024b0                PWM3_3_IRQHandler
                0x600024b0                GPIO1_INT0_IRQHandler
                0x600024b0                ACMP2_IRQHandler
                0x600024b0                CSU_IRQHandler
                0x600024b0                SAI3_TX_DriverIRQHandler
                0x600024b0                ADC1_IRQHandler
                0x600024b0                FLEXIO1_DriverIRQHandler
                0x600024b0                SNVS_HP_WRAPPER_TZ_IRQHandler
                0x600024b0                GPIO1_Combined_16_31_IRQHandler
                0x600024b0                XBAR1_IRQ_0_1_IRQHandler
                0x600024b0                RTWDOG_IRQHandler
                0x600024b0                SAI1_DriverIRQHandler
                0x600024b0                DMA12_DMA28_DriverIRQHandler
                0x600024b0                ENC3_IRQHandler
                0x600024b0                GPIO3_Combined_16_31_IRQHandler
                0x600024b0                EWM_IRQHandler
                0x600024b0                TMR3_IRQHandler
                0x600024b0                WDOG2_IRQHandler
                0x600024b0                GPIO1_INT5_IRQHandler
                0x600024b0                FLEXSPI_DriverIRQHandler
                0x600024b0                LPI2C4_DriverIRQHandler
                0x600024b0                PWM3_1_IRQHandler
                0x600024b0                ANATOP_TAMP_LOW_HIGH_IRQHandler
                0x600024b0                PWM2_3_IRQHandler
                0x600024b0                GPIO2_Combined_16_31_IRQHandler
                0x600024b0                CORE_IRQHandler
                0x600024b0                ANATOP_EVENT0_IRQHandler
                0x600024b0                ENET1_DriverIRQHandler
                0x600024b0                DMA10_DMA26_DriverIRQHandler
                0x600024b0                Reserved172_IRQHandler
                0x600024b0                GPIO1_INT6_IRQHandler
                0x600024b0                PWM1_2_IRQHandler
                0x600024b0                Reserved144_IRQHandler
                0x600024b0                GPR_IRQ_IRQHandler
                0x600024b0                GPC_IRQHandler
                0x600024b0                DCDC_IRQHandler
                0x600024b0                GPIO3_Combined_0_15_IRQHandler
                0x600024b0                PWM4_3_IRQHandler
                0x600024b0                Reserved143_IRQHandler
                0x600024b0                Reserved173_IRQHandler
                0x600024b0                DMA1_DMA17_DriverIRQHandler
                0x600024b0                CAN2_DriverIRQHandler
                0x600024b0                PWM1_FAULT_IRQHandler
                0x600024b0                GPIO5_Combined_16_31_IRQHandler
                0x600024b0                TMR2_IRQHandler
                0x600024b0                ADC_ETC_ERROR_IRQ_IRQHandler
                0x600024b0                DMA8_DMA24_DriverIRQHandler
                0x600024b0                PWM4_2_IRQHandler
                0x600024b0                DMA6_DMA22_DriverIRQHandler
                0x600024b0                BEE_IRQHandler
                0x600024b0                GPIO1_INT1_IRQHandler
                0x600024b0                ENC1_IRQHandler
                0x600024b0                ADC_ETC_IRQ2_IRQHandler
                0x600024b0                GPIO1_INT4_IRQHandler
                0x600024b0                CCM_2_IRQHandler
                0x600024b0                KPP_IRQHandler
                0x600024b0                ACMP3_IRQHandler
                0x600024b0                ADC2_IRQHandler
                0x600024b0                MemManage_Handler
                0x600024b0                SAI2_DriverIRQHandler
                0x600024b0                TMR4_IRQHandler
                0x600024b0                PIT_IRQHandler
                0x600024b0                Reserved115_IRQHandler
                0x600024b0                SNVS_HP_WRAPPER_IRQHandler
                0x600024b0                DMA3_DMA19_DriverIRQHandler
                0x600024b0                DMA11_DMA27_DriverIRQHandler
                0x600024b0                DMA9_DMA25_DriverIRQHandler
                0x600024b0                SJC_ARM_DEBUG_IRQHandler
                0x600024b0                XBAR1_IRQ_2_3_IRQHandler
                0x600024b0                PWM3_2_IRQHandler
                0x600024b0                GPIO1_INT3_IRQHandler
                0x600024b0                LPI2C1_DriverIRQHandler
                0x600024b0                DCP_IRQHandler
                0x600024b0                ENET2_1588_Timer_DriverIRQHandler
                0x600024b0                Reserved171_IRQHandler
                0x600024b0                DMA4_DMA20_DriverIRQHandler
                0x600024b4                NMI_Handler
                0x600024bc                SVC_Handler
                0x600024c0                PendSV_Handler
                0x600024c4                SysTick_Handler
                0x600024c8                NMI_WAKEUP_IRQHandler
                0x600024cc                DMA0_DMA16_IRQHandler
                0x600024d0                DMA1_DMA17_IRQHandler
                0x600024d4                DMA2_DMA18_IRQHandler
                0x600024d8                DMA3_DMA19_IRQHandler
                0x600024dc                DMA4_DMA20_IRQHandler
                0x600024e0                DMA5_DMA21_IRQHandler
                0x600024e4                DMA6_DMA22_IRQHandler
                0x600024e8                DMA7_DMA23_IRQHandler
                0x600024ec                DMA8_DMA24_IRQHandler
                0x600024f0                DMA9_DMA25_IRQHandler
                0x600024f4                DMA10_DMA26_IRQHandler
                0x600024f8                DMA11_DMA27_IRQHandler
                0x600024fc                DMA12_DMA28_IRQHandler
                0x60002500                DMA13_DMA29_IRQHandler
                0x60002504                DMA14_DMA30_IRQHandler
                0x60002508                DMA15_DMA31_IRQHandler
                0x6000250c                DMA_ERROR_IRQHandler
                0x60002514                LPUART2_IRQHandler
                0x60002518                LPUART3_IRQHandler
                0x6000251c                LPUART4_IRQHandler
                0x60002520                LPUART5_IRQHandler
                0x60002524                LPUART6_IRQHandler
                0x60002528                LPUART7_IRQHandler
                0x6000252c                LPUART8_IRQHandler
                0x60002530                LPI2C1_IRQHandler
                0x60002534                LPI2C2_IRQHandler
                0x60002538                LPI2C3_IRQHandler
                0x6000253c                LPI2C4_IRQHandler
                0x60002540                LPSPI1_IRQHandler
                0x60002544                LPSPI2_IRQHandler
                0x60002548                LPSPI3_IRQHandler
                0x6000254c                LPSPI4_IRQHandler
                0x60002550                CAN1_IRQHandler
                0x60002554                CAN2_IRQHandler
                0x60002558                SAI1_IRQHandler
                0x6000255c                SAI2_IRQHandler
                0x60002560                SAI3_RX_IRQHandler
                0x60002564                SAI3_TX_IRQHandler
                0x60002568                SPDIF_IRQHandler
                0x6000256c                FLEXIO1_IRQHandler
                0x60002570                FLEXIO2_IRQHandler
                0x60002574                FLEXSPI2_IRQHandler
                0x60002578                FLEXSPI_IRQHandler
                0x6000257c                USDHC1_IRQHandler
                0x60002580                USDHC2_IRQHandler
                0x60002584                ENET1_IRQHandler
                0x60002588                ENET1_1588_Timer_IRQHandler
                0x6000258c                ENET2_IRQHandler
                0x60002590                ENET2_1588_Timer_IRQHandler
                0x60002594                CANFD_IRQHandler
 .text          0x6000267c       0x7c ./source/memory/src/pattern_fill_gcc.o
                0x6000267c                pattern_fill
 .text          0x600026f8       0x30 c:/nxp/mcuxpressoide_11.2.0_4120/ide/plugins/com.nxp.mcuxpresso.tools.win32_11.2.0.202001021529/tools/bin/../lib/gcc/arm-none-eabi/9.2.1/thumb/v7e-m+dp/hard\libgcc.a(_aeabi_uldivmod.o)
                0x600026f8                __aeabi_uldivmod
 .text          0x60002728      0x2c4 c:/nxp/mcuxpressoide_11.2.0_4120/ide/plugins/com.nxp.mcuxpresso.tools.win32_11.2.0.202001021529/tools/bin/../lib/gcc/arm-none-eabi/9.2.1/thumb/v7e-m+dp/hard\libgcc.a(_udivmoddi4.o)
                0x60002728                __udivmoddi4
 .text          0x600029ec        0x4 c:/nxp/mcuxpressoide_11.2.0_4120/ide/plugins/com.nxp.mcuxpresso.tools.win32_11.2.0.202001021529/tools/bin/../lib/gcc/arm-none-eabi/9.2.1/thumb/v7e-m+dp/hard\libgcc.a(_dvmd_tls.o)
                0x600029ec                __aeabi_idiv0
                0x600029ec                __aeabi_ldiv0
 *(SORT_BY_ALIGNMENT(.text*))
 .text.ocotp_init
                0x600029f0       0x84 ./source/drivers/ocotp/bl_ocotp.o
                0x600029f0                ocotp_init
 .text.USB_DeviceEhciTransfer
                0x60002a74      0x21c ./usb/device/source/ehci/usb_device_ehci.o
 .text.USB_DeviceEhciCancelControlPipe
                0x60002c90       0xd0 ./usb/device/source/ehci/usb_device_ehci.o
 .text.USB_DeviceEhciInit
                0x60002d60       0xd0 ./usb/device/source/ehci/usb_device_ehci.o
                0x60002d60                USB_DeviceEhciInit
 .text.USB_DeviceEhciDeinit
                0x60002e30       0x4c ./usb/device/source/ehci/usb_device_ehci.o
                0x60002e30                USB_DeviceEhciDeinit
 .text.USB_DeviceEhciCancel
                0x60002e7c      0x128 ./usb/device/source/ehci/usb_device_ehci.o
                0x60002e7c                USB_DeviceEhciCancel
 .text.USB_DeviceControlCallback
                0x60002fa4      0x1b0 ./usb/device/source/usb_device_ch9.o
 .text.USB_DeviceControlPipeInit
                0x60003154       0x4c ./usb/device/source/usb_device_ch9.o
                0x60003154                USB_DeviceControlPipeInit
 .text.USB_DeviceInit
                0x600031a0       0xf8 ./usb/device/source/usb_device_dci.o
                0x600031a0                USB_DeviceInit
 .text.USB_DeviceHidEndpointsInit
                0x60003298       0xe8 ./usb/device/class/hid/usb_device_hid.o
 .text.USB_DeviceHidInit
                0x60003380       0x30 ./usb/device/class/hid/usb_device_hid.o
                0x60003380                USB_DeviceHidInit
 .text.USB_DeviceClassGetHandleByDeviceHandle
                0x600033b0       0x44 ./usb/device/class/usb_device_class.o
 .text.USB_DeviceClassFreeHandle
                0x600033f4       0x50 ./usb/device/class/usb_device_class.o
 .text.USB_DeviceClassGetHandleByControllerId
                0x60003444       0x48 ./usb/device/class/usb_device_class.o
 .text.USB_DeviceClassGetDeviceHandle
                0x6000348c       0x40 ./usb/device/class/usb_device_class.o
                0x6000348c                USB_DeviceClassGetDeviceHandle
 .text.USB_DeviceClassEvent
                0x600034cc       0x74 ./usb/device/class/usb_device_class.o
                0x600034cc                USB_DeviceClassEvent
 .text.USB_DeviceClassInit
                0x60003540       0xe8 ./usb/device/class/usb_device_class.o
                0x60003540                USB_DeviceClassInit
 .text.init_data_bss
                0x60003628       0x6c ./startup/startup.o
                0x60003628                init_data_bss
 .text.init_interrupts
                0x60003694       0x4c ./startup/startup.o
                0x60003694                init_interrupts
 .text.sync_wait
                0x600036e0       0x28 ./source/utilities/src/fsl_rtos_abstraction.o
                0x600036e0                sync_wait
 .text.sync_signal
                0x60003708       0x20 ./source/utilities/src/fsl_rtos_abstraction.o
                0x60003708                sync_signal
 .text.lock_acquire
                0x60003728        0xc ./source/utilities/src/fsl_rtos_abstraction.o
                0x60003728                lock_acquire
 .text.lock_release
                0x60003734        0xc ./source/utilities/src/fsl_rtos_abstraction.o
                0x60003734                lock_release
 .text.usb_device_hid_generic_callback
                0x60003740       0x74 ./source/usb/bm_composite/hid_bootloader.o
                0x60003740                usb_device_hid_generic_callback
 .text.usb_device_hid_generic_set_configure
                0x600037b4       0x30 ./source/usb/bm_composite/hid_bootloader.o
                0x600037b4                usb_device_hid_generic_set_configure
 .text.usb_device_hid_generic_set_interface
                0x600037e4       0x24 ./source/usb/bm_composite/hid_bootloader.o
                0x600037e4                usb_device_hid_generic_set_interface
 .text.usb_device_hid_generic_init
                0x60003808        0xc ./source/usb/bm_composite/hid_bootloader.o
                0x60003808                usb_device_hid_generic_init
 .text.usb_device_hid_generic_deinit
                0x60003814       0x10 ./source/usb/bm_composite/hid_bootloader.o
                0x60003814                usb_device_hid_generic_deinit
 .text.usb_device_get_hid_report_descriptor
                0x60003824       0x18 ./source/usb/bm_composite/usb_descriptor.o
                0x60003824                usb_device_get_hid_report_descriptor
 .text.usb_device_get_device_descriptor
                0x6000383c       0x10 ./source/usb/bm_composite/usb_descriptor.o
                0x6000383c                usb_device_get_device_descriptor
 .text.usb_device_get_configuration_descriptor
                0x6000384c       0x18 ./source/usb/bm_composite/usb_descriptor.o
                0x6000384c                usb_device_get_configuration_descriptor
 .text.usb_device_get_string_descriptor
                0x60003864       0x40 ./source/usb/bm_composite/usb_descriptor.o
                0x60003864                usb_device_get_string_descriptor
 .text.usb_device_set_speed
                0x600038a4       0x6c ./source/usb/bm_composite/usb_descriptor.o
                0x600038a4                usb_device_set_speed
 .text.ldr_DoHeader
                0x60003910        0xc ./source/sbloader/src/sbloader.o
                0x60003910                ldr_DoHeader
 .text.ldr_DoHeader1
                0x6000391c       0x30 ./source/sbloader/src/sbloader.o
                0x6000391c                ldr_DoHeader1
 .text.ldr_DoLoadChunks
                0x6000394c       0x88 ./source/sbloader/src/sbloader.o
                0x6000394c                ldr_DoLoadChunks
 .text.ldr_DoLoadBytes
                0x600039d4       0x64 ./source/sbloader/src/sbloader.o
                0x600039d4                ldr_DoLoadBytes
 .text.ldr_GoToNextSection
                0x60003a38       0x24 ./source/sbloader/src/sbloader.o
                0x60003a38                ldr_GoToNextSection
 .text.ldr_DoLoadCmd
                0x60003a5c       0x24 ./source/sbloader/src/sbloader.o
                0x60003a5c                ldr_DoLoadCmd
 .text.ldr_DoFillCmd
                0x60003a80       0x14 ./source/sbloader/src/sbloader.o
                0x60003a80                ldr_DoFillCmd
 .text.ldr_DoProgramCmd
                0x60003a94       0x30 ./source/sbloader/src/sbloader.o
                0x60003a94                ldr_DoProgramCmd
 .text.ldr_DoEraseCmd
                0x60003ac4       0x34 ./source/sbloader/src/sbloader.o
                0x60003ac4                ldr_DoEraseCmd
 .text.ldr_DoMemEnableCmd
                0x60003af8       0x50 ./source/sbloader/src/sbloader.o
                0x60003af8                ldr_DoMemEnableCmd
 .text.sbloader_init
                0x60003b48       0x20 ./source/sbloader/src/sbloader.o
                0x60003b48                sbloader_init
 .text.sbloader_handle_chunk
                0x60003b68       0x30 ./source/sbloader/src/sbloader.o
                0x60003b68                sbloader_handle_chunk
 .text.sbloader_pump
                0x60003b98       0x50 ./source/sbloader/src/sbloader.o
                0x60003b98                sbloader_pump
 .text.sbloader_finalize
                0x60003be8       0xa0 ./source/sbloader/src/sbloader.o
                0x60003be8                sbloader_finalize
 .text.bootloader_property_set_uint32
                0x60003c88       0x48 ./source/property/src/property_imx.o
                0x60003c88                bootloader_property_set_uint32
 .text.bootloader_property_load_user_config
                0x60003cd0       0x38 ./source/property/src/property_imx.o
                0x60003cd0                bootloader_property_load_user_config
 .text.bootloader_property_init
                0x60003d08       0xb4 ./source/property/src/property_imx.o
                0x60003d08                bootloader_property_init
 .text.bootloader_get_external_memory_properties
                0x60003dbc       0x80 ./source/property/src/property_imx.o
                0x60003dbc                bootloader_get_external_memory_properties
 .text.bootloader_property_get
                0x60003e3c       0xb8 ./source/property/src/property_imx.o
                0x60003e3c                bootloader_property_get
 .text.flexspi_nor_memory_read
                0x60003ef4       0x24 ./source/memory/src/flexspi_nor_memory.o
 .text.is_flexspi_nor_mem_erased
                0x60003f18       0x54 ./source/memory/src/flexspi_nor_memory.o
 .text.flexspi_nor_memory_erase
                0x60003f6c       0x34 ./source/memory/src/flexspi_nor_memory.o
 .text.flexspi_nor_mem_read
                0x60003fa0       0x30 ./source/memory/src/flexspi_nor_memory.o
                0x60003fa0                flexspi_nor_mem_read
 .text.flexspi_nor_mem_erase
                0x60003fd0       0x98 ./source/memory/src/flexspi_nor_memory.o
                0x60003fd0                flexspi_nor_mem_erase
 .text.flexspi_nor_memory_check.constprop.0
                0x60004068       0x58 ./source/memory/src/flexspi_nor_memory.o
 .text.flexspi_nor_mem_flush
                0x600040c0       0xd4 ./source/memory/src/flexspi_nor_memory.o
                0x600040c0                flexspi_nor_mem_flush
 .text.flexspi_nor_mem_write
                0x60004194       0x94 ./source/memory/src/flexspi_nor_memory.o
                0x60004194                flexspi_nor_mem_write
 .text.flexspi_nor_mem_fill
                0x60004228       0x50 ./source/memory/src/flexspi_nor_memory.o
                0x60004228                flexspi_nor_mem_fill
 .text.flexspi_nor_get_property
                0x60004278       0x8c ./source/memory/src/flexspi_nor_memory.o
                0x60004278                flexspi_nor_get_property
 .text.flexspi_nor_mem_config.part.0
                0x60004304      0x19c ./source/memory/src/flexspi_nor_memory.o
 .text.flexspi_nor_mem_init
                0x600044a0       0x1c ./source/memory/src/flexspi_nor_memory.o
                0x600044a0                flexspi_nor_mem_init
 .text.flexspi_nor_mem_erase_all
                0x600044bc       0x50 ./source/memory/src/flexspi_nor_memory.o
                0x600044bc                flexspi_nor_mem_erase_all
 .text.mem_flush
                0x6000450c       0x14 ./source/memory/src/memory.o
                0x6000450c                mem_flush
 .text.mem_finalize
                0x60004520       0x14 ./source/memory/src/memory.o
                0x60004520                mem_finalize
 .text.mem_init
                0x60004534       0x2c ./source/memory/src/memory.o
                0x60004534                mem_init
 .text.find_map_entry
                0x60004560       0x48 ./source/memory/src/memory.o
                0x60004560                find_map_entry
 .text.find_external_map_entry
                0x600045a8       0x5c ./source/memory/src/memory.o
                0x600045a8                find_external_map_entry
 .text.mem_read
                0x60004604       0x5c ./source/memory/src/memory.o
                0x60004604                mem_read
 .text.find_external_map_index
                0x60004660       0x2c ./source/memory/src/memory.o
                0x60004660                find_external_map_index
 .text.mem_is_block_reserved
                0x6000468c       0x4c ./source/memory/src/memory.o
                0x6000468c                mem_is_block_reserved
 .text.mem_write
                0x600046d8       0x94 ./source/memory/src/memory.o
                0x600046d8                mem_write
 .text.USDHC1_DriverIRQHandler
                0x6000476c       0x18 ./source/drivers/usdhc/bl_usdhc.o
                0x6000476c                USDHC1_DriverIRQHandler
 .text.USDHC2_DriverIRQHandler
                0x60004784       0x18 ./source/drivers/usdhc/bl_usdhc.o
                0x60004784                USDHC2_DriverIRQHandler
 .text.trng_SetStatisticalCheckLimit
                0x6000479c      0x1b0 ./source/drivers/trng/bl_trng.o
 .text.TRNG_GetDefaultConfig
                0x6000494c       0x74 ./source/drivers/trng/bl_trng.o
                0x6000494c                TRNG_GetDefaultConfig
 .text.TRNG_Init
                0x600049c0      0x16c ./source/drivers/trng/bl_trng.o
                0x600049c0                TRNG_Init
 .text.ocotp_set_read_timing
                0x60004b2c       0x2c ./source/drivers/ocotp/bl_ocotp.o
 .text.ocotp_program_once
                0x60004b58       0xb0 ./source/drivers/ocotp/bl_ocotp.o
                0x60004b58                ocotp_program_once
 .text.ocotp_read_once
                0x60004c08       0x68 ./source/drivers/ocotp/bl_ocotp.o
                0x60004c08                ocotp_read_once
 .text.microseconds_shutdown
                0x60004c70       0x24 ./source/drivers/microseconds/microseconds_pit.o
                0x60004c70                microseconds_shutdown
 .text.microseconds_get_ticks
                0x60004c94       0x1c ./source/drivers/microseconds/microseconds_pit.o
                0x60004c94                microseconds_get_ticks
 .text.microseconds_convert_to_ticks
                0x60004cb0       0x18 ./source/drivers/microseconds/microseconds_pit.o
                0x60004cb0                microseconds_convert_to_ticks
 .text.microseconds_init
                0x60004cc8       0x78 ./source/drivers/microseconds/microseconds_pit.o
                0x60004cc8                microseconds_init
 .text.dcp_enable
                0x60004d40       0x1c ./source/drivers/dcp/bl_dcp.o
 .text.dcp_wait_task_done
                0x60004d5c       0xe4 ./source/drivers/dcp/bl_dcp.o
 .text.dcp_aes_config_key_iv.isra.0.constprop.0
                0x60004e40       0xc0 ./source/drivers/dcp/bl_dcp.o
 .text.dcp_aes_init
                0x60004f00       0x30 ./source/drivers/dcp/bl_dcp.o
                0x60004f00                dcp_aes_init
 .text.dcp_entry
                0x60004f30       0x10 ./source/drivers/dcp/bl_dcp.o
                0x60004f30                dcp_entry
 .text.dcp_aes_set_key
                0x60004f40       0xe4 ./source/drivers/dcp/bl_dcp.o
                0x60004f40                dcp_aes_set_key
 .text.crc32_update
                0x60005024       0x2c ./source/crc/crc32.o
                0x60005024                crc32_update
 .text.crc32_finalize
                0x60005050       0x28 ./source/crc/crc32.o
                0x60005050                crc32_finalize
 .text.__NVIC_SystemReset
                0x60005078       0x24 ./source/bootloader/src/bl_command.o
 .text.bootloader_command_init
                0x6000509c       0x10 ./source/bootloader/src/bl_command.o
                0x6000509c                bootloader_command_init
 .text.reset_data_phase
                0x600050ac       0x14 ./source/bootloader/src/bl_command.o
 .text.send_generic_response
                0x600050c0       0x28 ./source/bootloader/src/bl_command.o
                0x600050c0                send_generic_response
 .text.bootloader_command_pump
                0x600050e8       0xb0 ./source/bootloader/src/bl_command.o
                0x600050e8                bootloader_command_pump
 .text.handle_reset
                0x60005198       0x24 ./source/bootloader/src/bl_command.o
                0x60005198                handle_reset
 .text.handle_reliable_update
                0x600051bc       0x48 ./source/bootloader/src/bl_command.o
                0x600051bc                handle_reliable_update
 .text.handle_flash_erase_region
                0x60005204       0x20 ./source/bootloader/src/bl_command.o
                0x60005204                handle_flash_erase_region
 .text.handle_receive_sb_file
                0x60005224       0x2c ./source/bootloader/src/bl_command.o
                0x60005224                handle_receive_sb_file
 .text.handle_set_property
                0x60005250       0x20 ./source/bootloader/src/bl_command.o
                0x60005250                handle_set_property
 .text.handle_configure_memory
                0x60005270       0x4c ./source/bootloader/src/bl_command.o
                0x60005270                handle_configure_memory
 .text.handle_write_memory
                0x600052bc       0x30 ./source/bootloader/src/bl_command.o
                0x600052bc                handle_write_memory
 .text.finalize_data_phase
                0x600052ec       0x64 ./source/bootloader/src/bl_command.o
                0x600052ec                finalize_data_phase
 .text.handle_data_consumer
                0x60005350      0x108 ./source/bootloader/src/bl_command.o
                0x60005350                handle_data_consumer
 .text.handle_data_producer
                0x60005458       0xec ./source/bootloader/src/bl_command.o
                0x60005458                handle_data_producer
 .text.handle_key_blob_data
                0x60005544       0x18 ./source/bootloader/src/bl_command.o
                0x60005544                handle_key_blob_data
 .text.handle_fill_memory
                0x6000555c       0x20 ./source/bootloader/src/bl_command.o
                0x6000555c                handle_fill_memory
 .text.handle_execute
                0x6000557c       0x6c ./source/bootloader/src/bl_command.o
                0x6000557c                handle_execute
 .text.handle_flash_program_once
                0x600055e8       0x30 ./source/bootloader/src/bl_command.o
                0x600055e8                handle_flash_program_once
 .text.send_get_property_response
                0x60005618       0x48 ./source/bootloader/src/bl_command.o
                0x60005618                send_get_property_response
 .text.handle_get_property
                0x60005660       0x30 ./source/bootloader/src/bl_command.o
                0x60005660                handle_get_property
 .text.send_generate_key_blob_response
                0x60005690       0x28 ./source/bootloader/src/bl_command.o
                0x60005690                send_generate_key_blob_response
 .text.handle_generate_key_blob
                0x600056b8       0x58 ./source/bootloader/src/bl_command.o
                0x600056b8                handle_generate_key_blob
 .text.send_read_memory_response
                0x60005710       0x28 ./source/bootloader/src/bl_command.o
                0x60005710                send_read_memory_response
 .text.handle_read_memory
                0x60005738       0x30 ./source/bootloader/src/bl_command.o
                0x60005738                handle_read_memory
 .text.send_flash_read_once_response
                0x60005768       0x44 ./source/bootloader/src/bl_command.o
                0x60005768                send_flash_read_once_response
 .text.handle_flash_read_once
                0x600057ac       0x34 ./source/bootloader/src/bl_command.o
                0x600057ac                handle_flash_read_once
 .text.HardFault_Handler
                0x600057e0       0x24 ./source/bootloader/src/bl_exception_handler.o
                0x600057e0                HardFault_Handler
 .text.generate_key_blob
                0x60005804       0xc8 ./source/bootloader/src/bl_keyblob_dcp.o
                0x60005804                generate_key_blob
 .text.jump_to_application
                0x600058cc       0x30 ./source/bootloader/src/bl_main.o
 .text.is_valid_application_location
                0x600058fc       0x30 ./source/bootloader/src/bl_main.o
                0x600058fc                is_valid_application_location
 .text.is_valid_stackpointer_location
                0x6000592c       0x30 ./source/bootloader/src/bl_main.o
                0x6000592c                is_valid_stackpointer_location
 .text.startup.main
                0x6000595c      0x174 ./source/bootloader/src/bl_main.o
                0x6000595c                main
 .text.update_reliable_update_status
                0x60005ad0       0x10 ./source/bootloader/src/bl_reliable_update_common.o
 .text.get_partition_info
                0x60005ae0       0x28 ./source/bootloader/src/bl_reliable_update_common.o
                0x60005ae0                get_partition_info
 .text.swap_meta_check
                0x60005b08       0x1c ./source/bootloader/src/bl_reliable_update_common.o
                0x60005b08                swap_meta_check
 .text.boot_meta_check
                0x60005b24       0x20 ./source/bootloader/src/bl_reliable_update_common.o
                0x60005b24                boot_meta_check
 .text.get_image_header
                0x60005b44       0x34 ./source/bootloader/src/bl_reliable_update_common.o
                0x60005b44                get_image_header
 .text.boot_image_check
                0x60005b78       0x64 ./source/bootloader/src/bl_reliable_update_common.o
                0x60005b78                boot_image_check
 .text.flash_copy
                0x60005bdc       0x58 ./source/bootloader/src/bl_reliable_update_common.o
                0x60005bdc                flash_copy
 .text.load_boot_meta
                0x60005c34       0xb4 ./source/bootloader/src/bl_reliable_update_common.o
                0x60005c34                load_boot_meta
 .text.update_default_swap_meta
                0x60005ce8       0x28 ./source/bootloader/src/bl_reliable_update_common.o
                0x60005ce8                update_default_swap_meta
 .text.load_swap_meta
                0x60005d10       0x70 ./source/bootloader/src/bl_reliable_update_common.o
                0x60005d10                load_swap_meta
 .text.update_swap_meta
                0x60005d80       0x8c ./source/bootloader/src/bl_reliable_update_common.o
                0x60005d80                update_swap_meta
 .text.boot_go  0x60005e0c       0x60 ./source/bootloader/src/bl_reliable_update_common.o
                0x60005e0c                boot_go
 .text.run_swap_routine
                0x60005e6c      0x264 ./source/bootloader/src/bl_reliable_update_common.o
                0x60005e6c                run_swap_routine
 .text.do_swap_if_needed
                0x600060d0       0x28 ./source/bootloader/src/bl_reliable_update_common.o
                0x600060d0                do_swap_if_needed
 .text.bootloader_reliable_update_as_requested
                0x600060f8       0xcc ./source/bootloader/src/bl_reliable_update_common.o
                0x600060f8                bootloader_reliable_update_as_requested
 .text.shutdown_cleanup
                0x600061c4       0x4c ./source/bootloader/src/bl_shutdown_cleanup.o
                0x600061c4                shutdown_cleanup
 .text.LPUART1_IRQHandler
                0x60006210       0x28 ./source/bootloader/src/lpuart_peripheral_interface.o
                0x60006210                LPUART1_IRQHandler
 .text.usb_hid_poll_for_activity
                0x60006238       0x24 ./source/bootloader/src/usb_hid_msc_peripheral_interface.o
 .text.usb_msc_pump
                0x6000625c       0x10 ./source/bootloader/src/usb_hid_msc_peripheral_interface.o
 .text.usb_hid_packet_init
                0x6000626c       0x28 ./source/bootloader/src/usb_hid_msc_peripheral_interface.o
 .text.usb_hid_packet_write
                0x60006294       0x9c ./source/bootloader/src/usb_hid_msc_peripheral_interface.o
 .text.usb_hid_packet_read
                0x60006330       0xa4 ./source/bootloader/src/usb_hid_msc_peripheral_interface.o
 .text.usb_device_full_shutdown
                0x600063d4       0x74 ./source/bootloader/src/usb_hid_msc_peripheral_interface.o
 .text.usb_device_full_init
                0x60006448       0xc0 ./source/bootloader/src/usb_hid_msc_peripheral_interface.o
 .text.usb_device_callback
                0x60006508      0x104 ./source/bootloader/src/usb_hid_msc_peripheral_interface.o
                0x60006508                usb_device_callback
 .text.USB_OTG1_IRQHandler
                0x6000660c        0xc ./source/bootloader/src/usb_hid_msc_peripheral_interface.o
                0x6000660c                USB_OTG1_IRQHandler
 .text.LPSPI_CommonIRQHandler
                0x60006618       0x20 ./drivers/fsl_lpspi.o
 .text.LPSPI1_DriverIRQHandler
                0x60006638       0x14 ./drivers/fsl_lpspi.o
                0x60006638                LPSPI1_DriverIRQHandler
 .text.LPSPI2_DriverIRQHandler
                0x6000664c       0x14 ./drivers/fsl_lpspi.o
                0x6000664c                LPSPI2_DriverIRQHandler
 .text.LPSPI3_DriverIRQHandler
                0x60006660       0x14 ./drivers/fsl_lpspi.o
                0x60006660                LPSPI3_DriverIRQHandler
 .text.LPSPI4_DriverIRQHandler
                0x60006674       0x14 ./drivers/fsl_lpspi.o
                0x60006674                LPSPI4_DriverIRQHandler
 .text.LPUART1_DriverIRQHandler
                0x60006688       0x20 ./drivers/fsl_lpuart.o
                0x60006688                LPUART1_DriverIRQHandler
 .text.LPUART2_DriverIRQHandler
                0x600066a8       0x20 ./drivers/fsl_lpuart.o
                0x600066a8                LPUART2_DriverIRQHandler
 .text.LPUART3_DriverIRQHandler
                0x600066c8       0x20 ./drivers/fsl_lpuart.o
                0x600066c8                LPUART3_DriverIRQHandler
 .text.LPUART4_DriverIRQHandler
                0x600066e8       0x20 ./drivers/fsl_lpuart.o
                0x600066e8                LPUART4_DriverIRQHandler
 .text.LPUART5_DriverIRQHandler
                0x60006708       0x20 ./drivers/fsl_lpuart.o
                0x60006708                LPUART5_DriverIRQHandler
 .text.LPUART6_DriverIRQHandler
                0x60006728       0x20 ./drivers/fsl_lpuart.o
                0x60006728                LPUART6_DriverIRQHandler
 .text.LPUART7_DriverIRQHandler
                0x60006748       0x20 ./drivers/fsl_lpuart.o
                0x60006748                LPUART7_DriverIRQHandler
 .text.LPUART8_DriverIRQHandler
                0x60006768       0x20 ./drivers/fsl_lpuart.o
                0x60006768                LPUART8_DriverIRQHandler
 .text.RTWDOG_disable
                0x60006788       0x2c ./device/system_MIMXRT1062.o
                0x60006788                RTWDOG_disable
 .text.SystemInit
                0x600067b4       0x24 ./device/system_MIMXRT1062.o
                0x600067b4                SystemInit
 .text.flexspi_nor_flash_init
                0x600067d8       0x10 ./MIMXRT1062/bl_api.o
                0x600067d8                flexspi_nor_flash_init
 .text.flexspi_nor_flash_page_program
                0x600067e8       0x18 ./MIMXRT1062/bl_api.o
                0x600067e8                flexspi_nor_flash_page_program
 .text.flexspi_nor_get_config
                0x60006800       0x78 ./MIMXRT1062/bl_api.o
                0x60006800                flexspi_nor_get_config
 .text.flexspi_nor_flash_erase
                0x60006878       0x18 ./MIMXRT1062/bl_api.o
                0x60006878                flexspi_nor_flash_erase
 .text.flexspi_nor_flash_read
                0x60006890       0x18 ./MIMXRT1062/bl_api.o
                0x60006890                flexspi_nor_flash_read
 .text.flexspi_clear_cache
                0x600068a8       0x10 ./MIMXRT1062/bl_api.o
                0x600068a8                flexspi_clear_cache
 .text.usb_clock_init
                0x600068b8       0x54 ./MIMXRT1062/bl_clock_config_MIMXRT1062.o
                0x600068b8                usb_clock_init
 .text.clock_setup
                0x6000690c      0x184 ./MIMXRT1062/bl_clock_config_MIMXRT1062.o
                0x6000690c                clock_setup
 .text.microseconds_get_clock
                0x60006a90       0x28 ./MIMXRT1062/bl_clock_config_MIMXRT1062.o
                0x60006a90                microseconds_get_clock
 .text.get_bus_clock
                0x60006ab8       0x1c ./MIMXRT1062/bl_clock_config_MIMXRT1062.o
                0x60006ab8                get_bus_clock
 .text.is_boot_pin_asserted
                0x60006ad4       0x4c ./MIMXRT1062/hardware_init_MIMXRT1062.o
                0x60006ad4                is_boot_pin_asserted
 .text.init_hardware
                0x60006b20       0x20 ./MIMXRT1062/hardware_init_MIMXRT1062.o
                0x60006b20                init_hardware
 .text.deinit_hardware
                0x60006b40       0x10 ./MIMXRT1062/hardware_init_MIMXRT1062.o
                0x60006b40                deinit_hardware
 .text.get_hab_status
                0x60006b50       0x18 ./MIMXRT1062/hardware_init_MIMXRT1062.o
                0x60006b50                get_hab_status
 .text.get_flexspinor_instance
                0x60006b68       0x14 ./MIMXRT1062/hardware_init_MIMXRT1062.o
                0x60006b68                get_flexspinor_instance
 .text.normal_mem_init
                0x60006b7c       0x78 ./MIMXRT1062/hardware_init_MIMXRT1062.o
                0x60006b7c                normal_mem_init
 .text.target_load_bootloader_config_area
                0x60006bf4       0x14 ./MIMXRT1062/hardware_init_MIMXRT1062.o
                0x60006bf4                target_load_bootloader_config_area
 .text.api_update_swap_meta
                0x60006c08       0xfc ./MIMXRT1062/hardware_init_MIMXRT1062.o
                0x60006c08                api_update_swap_meta
 .text.app_api_update_swap_meta
                0x60006d04       0xc8 ./MIMXRT1062/hardware_init_MIMXRT1062.o
                0x60006d04                app_api_update_swap_meta
 .text.app_api_update_boot_meta
                0x60006dcc       0xd4 ./MIMXRT1062/hardware_init_MIMXRT1062.o
                0x60006dcc                app_api_update_boot_meta
 .text.update_partition_table_user_api.part.0
                0x60006ea0       0x4c ./MIMXRT1062/hardware_init_MIMXRT1062.o
 .text.GPIO1_Combined_0_15_IRQHandler
                0x60006eec       0x24 ./MIMXRT1062/pinmux_utility_imxrt_series.o
                0x60006eec                GPIO1_Combined_0_15_IRQHandler
 .text.USB_DeviceEhciSetDefaultState
                0x60006f10       0xa0 ./usb/device/source/ehci/usb_device_ehci.o
 .text.USB_DeviceEhciSend
                0x60006fb0        0xc ./usb/device/source/ehci/usb_device_ehci.o
                0x60006fb0                USB_DeviceEhciSend
 .text.USB_DeviceEhciRecv
                0x60006fbc        0x8 ./usb/device/source/ehci/usb_device_ehci.o
                0x60006fbc                USB_DeviceEhciRecv
 .text.USB_DeviceEhciEndpointDeinit
                0x60006fc4       0x90 ./usb/device/source/ehci/usb_device_ehci.o
 .text.USB_DeviceEhciControl
                0x60007054      0x2f0 ./usb/device/source/ehci/usb_device_ehci.o
                0x60007054                USB_DeviceEhciControl
 .text.USB_DeviceEhciIsrFunction
                0x60007344      0x2e0 ./usb/device/source/ehci/usb_device_ehci.o
                0x60007344                USB_DeviceEhciIsrFunction
 .text.USB_DeviceCh9GetStatus
                0x60007624       0x98 ./usb/device/source/usb_device_ch9.o
 .text.USB_DeviceCh9GetDescriptor
                0x600076bc       0xba ./usb/device/source/usb_device_ch9.o
 .text.USB_DeviceCh9SetAddress
                0x60007776       0x5a ./usb/device/source/usb_device_ch9.o
 .text.USB_DeviceCh9SetClearFeature
                0x600077d0       0x8c ./usb/device/source/usb_device_ch9.o
 .text.USB_DeviceCh9SynchFrame
                0x6000785c       0x42 ./usb/device/source/usb_device_ch9.o
 .text.USB_DeviceCh9SetInterface
                0x6000789e       0x48 ./usb/device/source/usb_device_ch9.o
 .text.USB_DeviceCh9GetInterface
                0x600078e6       0x42 ./usb/device/source/usb_device_ch9.o
 .text.USB_DeviceCh9GetConfiguration
                0x60007928       0x3c ./usb/device/source/usb_device_ch9.o
 .text.USB_DeviceCh9SetConfiguration
                0x60007964       0x64 ./usb/device/source/usb_device_ch9.o
 .text.USB_DeviceControlCallbackFeedback
                0x600079c8       0x68 ./usb/device/source/usb_device_ch9.o
 .text.USB_DeviceControl
                0x60007a30       0x14 ./usb/device/source/usb_device_dci.o
 .text.USB_DeviceTransfer
                0x60007a44       0x76 ./usb/device/source/usb_device_dci.o
 .text.USB_DeviceNotificationTrigger
                0x60007aba       0xa8 ./usb/device/source/usb_device_dci.o
                0x60007aba                USB_DeviceNotificationTrigger
 .text.USB_DeviceRun
                0x60007b62        0x8 ./usb/device/source/usb_device_dci.o
                0x60007b62                USB_DeviceRun
 .text.USB_DeviceDeinit
                0x60007b6a       0x32 ./usb/device/source/usb_device_dci.o
                0x60007b6a                USB_DeviceDeinit
 .text.USB_DeviceSendRequest
                0x60007b9c        0xc ./usb/device/source/usb_device_dci.o
                0x60007b9c                USB_DeviceSendRequest
 .text.USB_DeviceRecvRequest
                0x60007ba8        0x8 ./usb/device/source/usb_device_dci.o
                0x60007ba8                USB_DeviceRecvRequest
 .text.USB_DeviceInitEndpoint
                0x60007bb0       0x3e ./usb/device/source/usb_device_dci.o
                0x60007bb0                USB_DeviceInitEndpoint
 .text.USB_DeviceDeinitEndpoint
                0x60007bee       0x3e ./usb/device/source/usb_device_dci.o
                0x60007bee                USB_DeviceDeinitEndpoint
 .text.USB_DeviceStallEndpoint
                0x60007c2c       0x1e ./usb/device/source/usb_device_dci.o
                0x60007c2c                USB_DeviceStallEndpoint
 .text.USB_DeviceUnstallEndpoint
                0x60007c4a       0x1e ./usb/device/source/usb_device_dci.o
                0x60007c4a                USB_DeviceUnstallEndpoint
 .text.USB_DeviceGetStatus
                0x60007c68       0x42 ./usb/device/source/usb_device_dci.o
                0x60007c68                USB_DeviceGetStatus
 .text.USB_DeviceSetStatus
                0x60007caa       0x62 ./usb/device/source/usb_device_dci.o
                0x60007caa                USB_DeviceSetStatus
 .text.USB_DeviceHidInterruptIn
                0x60007d0c       0x20 ./usb/device/class/hid/usb_device_hid.o
 .text.USB_DeviceHidInterruptOut
                0x60007d2c       0x20 ./usb/device/class/hid/usb_device_hid.o
 .text.USB_DeviceHidEndpointsDeinit
                0x60007d4c       0x32 ./usb/device/class/hid/usb_device_hid.o
 .text.USB_DeviceHidEvent
                0x60007d7e      0x262 ./usb/device/class/hid/usb_device_hid.o
                0x60007d7e                USB_DeviceHidEvent
 .text.USB_DeviceHidDeinit
                0x60007fe0       0x1a ./usb/device/class/hid/usb_device_hid.o
                0x60007fe0                USB_DeviceHidDeinit
 .text.USB_DeviceHidSend
                0x60007ffa       0x36 ./usb/device/class/hid/usb_device_hid.o
                0x60007ffa                USB_DeviceHidSend
 .text.USB_DeviceHidRecv
                0x60008030       0x36 ./usb/device/class/hid/usb_device_hid.o
                0x60008030                USB_DeviceHidRecv
 .text.USB_DeviceClassCallback
                0x60008066       0x38 ./usb/device/class/usb_device_class.o
                0x60008066                USB_DeviceClassCallback
 .text.USB_DeviceClassDeinit
                0x6000809e       0x5c ./usb/device/class/usb_device_class.o
                0x6000809e                USB_DeviceClassDeinit
 .text.USB_DeviceClassGetSpeed
                0x600080fa       0x1e ./usb/device/class/usb_device_class.o
                0x600080fa                USB_DeviceClassGetSpeed
 .text.sync_init
                0x60008118        0x4 ./source/utilities/src/fsl_rtos_abstraction.o
                0x60008118                sync_init
 .text.lock_init
                0x6000811c        0x2 ./source/utilities/src/fsl_rtos_abstraction.o
                0x6000811c                lock_init
 .text.usb_device_get_hid_descriptor
                0x6000811e        0x4 ./source/usb/bm_composite/usb_descriptor.o
                0x6000811e                usb_device_get_hid_descriptor
 .text.usb_device_get_hid_physical_descriptor
                0x60008122        0x4 ./source/usb/bm_composite/usb_descriptor.o
                0x60008122                usb_device_get_hid_physical_descriptor
 .text.ldr_DoHeader2
                0x60008126       0x26 ./source/sbloader/src/sbloader.o
                0x60008126                ldr_DoHeader2
 .text.ldr_DoTagCmd
                0x6000814c       0x38 ./source/sbloader/src/sbloader.o
                0x6000814c                ldr_DoTagCmd
 .text.ldr_DoCallCmd
                0x60008184       0x36 ./source/sbloader/src/sbloader.o
                0x60008184                ldr_DoCallCmd
 .text.ldr_DoCommand
                0x600081ba       0x92 ./source/sbloader/src/sbloader.o
                0x600081ba                ldr_DoCommand
 .text.flexspi_nor_mem_config
                0x6000824c       0x22 ./source/memory/src/flexspi_nor_memory.o
                0x6000824c                flexspi_nor_mem_config
 .text.mem_erase
                0x6000826e       0x66 ./source/memory/src/memory.o
                0x6000826e                mem_erase
 .text.mem_fill
                0x600082d4       0x38 ./source/memory/src/memory.o
                0x600082d4                mem_fill
 .text.normal_mem_read
                0x6000830c       0x12 ./source/memory/src/normal_memory.o
                0x6000830c                normal_mem_read
 .text.normal_mem_write
                0x6000831e       0x10 ./source/memory/src/normal_memory.o
                0x6000831e                normal_mem_write
 .text.normal_mem_fill
                0x6000832e       0x12 ./source/memory/src/normal_memory.o
                0x6000832e                normal_mem_fill
 .text.TRNG_GetRandomData
                0x60008340       0x7c ./source/drivers/trng/bl_trng.o
                0x60008340                TRNG_GetRandomData
 .text.ocotp_wait_for_busy.constprop.0
                0x600083bc       0x4a ./source/drivers/ocotp/bl_ocotp.o
 .text.flexspi_is_parallel_mode
                0x60008406        0x8 ./source/drivers/flexspi/bl_flexspi.o
                0x60008406                flexspi_is_parallel_mode
 .text.uint32_to_be
                0x6000840e       0x1e ./source/drivers/dcp/bl_dcp.o
 .text.dcp_aes_cbc_crypt
                0x6000842c       0x4a ./source/drivers/dcp/bl_dcp.o
                0x6000842c                dcp_aes_cbc_crypt
 .text.dcp_aes_ecb_crypt
                0x60008476       0x44 ./source/drivers/dcp/bl_dcp.o
                0x60008476                dcp_aes_ecb_crypt
 .text.dcp_aes_ctr_crypt
                0x600084ba       0x7c ./source/drivers/dcp/bl_dcp.o
                0x600084ba                dcp_aes_ctr_crypt
 .text.aes_ccm_auth_crypt
                0x60008536      0x280 ./source/drivers/dcp/bl_dcp.o
 .text.dcp_aes_ccm_encrypt_and_mac
                0x600087b6       0x2c ./source/drivers/dcp/bl_dcp.o
                0x600087b6                dcp_aes_ccm_encrypt_and_mac
 .text.crc32_init
                0x600087e2        0xc ./source/crc/crc32.o
                0x600087e2                crc32_init
 .text.handle_flash_erase_all
                0x600087ee       0x1c ./source/bootloader/src/bl_command.o
                0x600087ee                handle_flash_erase_all
 .text.handle_call
                0x6000880a       0x26 ./source/bootloader/src/bl_command.o
                0x6000880a                handle_call
 .text.flash_read
                0x60008830       0x18 ./source/bootloader/src/bl_reliable_update_common.o
                0x60008830                flash_read
 .text.usb_hid_packet_abort_data_phase
                0x60008848       0x14 ./source/bootloader/src/usb_hid_msc_peripheral_interface.o
 .text.usb_hid_packet_finalize
                0x6000885c        0x4 ./source/bootloader/src/usb_hid_msc_peripheral_interface.o
 .text.usb_hid_packet_get_max_packet_size
                0x60008860        0x6 ./source/bootloader/src/usb_hid_msc_peripheral_interface.o
 .text.LPUART_GetStatusFlags
                0x60008866       0x10 ./drivers/fsl_lpuart.o
                0x60008866                LPUART_GetStatusFlags
 .text.OSA_EnterCritical
                0x60008876        0xa ./component/osa/fsl_os_abstraction_bm.o
                0x60008876                OSA_EnterCritical
 .text.OSA_ExitCritical
                0x60008880        0x6 ./component/osa/fsl_os_abstraction_bm.o
                0x60008880                OSA_ExitCritical
 .text.configure_clocks
                0x60008886        0x8 ./MIMXRT1062/bl_clock_config_MIMXRT1062.o
                0x60008886                configure_clocks
 .text.get_ocotp_clock
                0x6000888e        0x4 ./MIMXRT1062/bl_clock_config_MIMXRT1062.o
                0x6000888e                get_ocotp_clock
 .text.get_update_partition_info
                0x60008892       0x24 ./MIMXRT1062/hardware_init_MIMXRT1062.o
                0x60008892                get_update_partition_info
 .text.get_image_state
                0x600088b6       0x16 ./MIMXRT1062/hardware_init_MIMXRT1062.o
                0x600088b6                get_image_state
 .text.update_available_peripherals
                0x600088cc        0x2 ./MIMXRT1062/hardware_init_MIMXRT1062.o
                0x600088cc                update_available_peripherals
 .text.flexspi_update_padsetting
                0x600088ce       0x22 ./MIMXRT1062/hardware_init_MIMXRT1062.o
                0x600088ce                flexspi_update_padsetting
 .text.get_flexspinor_amba_base
                0x600088f0       0x14 ./MIMXRT1062/hardware_init_MIMXRT1062.o
                0x600088f0                get_flexspinor_amba_base
 .text.update_image_state
                0x60008904       0x7e ./MIMXRT1062/hardware_init_MIMXRT1062.o
                0x60008904                update_image_state
 .text.update_image_state_user_api
                0x60008982       0x7a ./MIMXRT1062/hardware_init_MIMXRT1062.o
                0x60008982                update_image_state_user_api
 .text.update_partition_table_user_api
                0x600089fc        0xe ./MIMXRT1062/hardware_init_MIMXRT1062.o
                0x600089fc                update_partition_table_user_api
 .text.memcmp   0x60008a0a       0x1c c:/nxp/mcuxpressoide_11.2.0_4120/ide/plugins/com.nxp.mcuxpresso.tools.win32_11.2.0.202001021529/tools/bin/../lib/gcc/arm-none-eabi/9.2.1/../../../../arm-none-eabi/lib/thumb/v7e-m+dp/hard\libc_nano.a(lib_a-memcmp.o)
                0x60008a0a                memcmp
 .text.memcpy   0x60008a26       0x1c c:/nxp/mcuxpressoide_11.2.0_4120/ide/plugins/com.nxp.mcuxpresso.tools.win32_11.2.0.202001021529/tools/bin/../lib/gcc/arm-none-eabi/9.2.1/../../../../arm-none-eabi/lib/thumb/v7e-m+dp/hard\libc_nano.a(lib_a-memcpy-stub.o)
                0x60008a26                memcpy
 .text.memset   0x60008a42       0x10 c:/nxp/mcuxpressoide_11.2.0_4120/ide/plugins/com.nxp.mcuxpresso.tools.win32_11.2.0.202001021529/tools/bin/../lib/gcc/arm-none-eabi/9.2.1/../../../../arm-none-eabi/lib/thumb/v7e-m+dp/hard\libc_nano.a(lib_a-memset.o)
                0x60008a42                memset
 *(SORT_BY_ALIGNMENT(.rodata))
 *fill*         0x60008a52        0x2 
 .rodata        0x60008a54       0xb4 ./MIMXRT1062/hardware_init_MIMXRT1062.o
 *(SORT_BY_ALIGNMENT(.rodata*))
 .rodata.s_UsbDeviceStandardRequest
                0x60008b08       0x34 ./usb/device/source/usb_device_ch9.o
 .rodata.s_UsbDeviceEhciInterface
                0x60008b3c       0x18 ./usb/device/source/usb_device_dci.o
 .rodata.s_UsbDeviceClassInterfaceMap
                0x60008b54       0x20 ./usb/device/class/usb_device_class.o
 .rodata.g_propertyInterface
                0x60008b74       0x14 ./source/property/src/property_imx.o
                0x60008b74                g_propertyInterface
 .rodata.g_flexspiMemoryInterface
                0x60008b88       0x1c ./source/memory/src/flexspi_nor_memory.o
                0x60008b88                g_flexspiMemoryInterface
 .rodata.g_memoryInterface
                0x60008ba4       0x1c ./source/memory/src/memory.o
                0x60008ba4                g_memoryInterface
 .rodata.g_normalMemoryInterface
                0x60008bc0       0x1c ./source/memory/src/normal_memory.o
                0x60008bc0                g_normalMemoryInterface
 .rodata.s_crc32Table
                0x60008bdc      0x400 ./source/crc/crc32.o
 .rodata.g_commandHandlerTable
                0x60008fdc       0xa8 ./source/bootloader/src/bl_command.o
                0x60008fdc                g_commandHandlerTable
 .rodata.k_boot_meta
                0x60009084      0x20c ./source/bootloader/src/bl_reliable_update_common.o
                0x60009084                k_boot_meta
 .rodata.g_usbHidControlInterface
                0x60009290       0x10 ./source/bootloader/src/usb_hid_msc_peripheral_interface.o
                0x60009290                g_usbHidControlInterface
 .rodata.g_usbHidPacketInterface
                0x600092a0       0x1c ./source/bootloader/src/usb_hid_msc_peripheral_interface.o
                0x600092a0                g_usbHidPacketInterface
 .rodata.g_peripherals
                0x600092bc       0x30 ./MIMXRT1062/bl_peripherals_MIMXRT1062.o
                0x600092bc                g_peripherals
 .rodata.g_externalMemPropertyInterfaceMap
                0x600092ec       0x10 ./MIMXRT1062/external_memory_property_map_MIMXRT1062.o
                0x600092ec                g_externalMemPropertyInterfaceMap
 .rodata.g_reliableUpdateAPI
                0x600092fc       0x20 ./MIMXRT1062/hardware_init_MIMXRT1062.o
                0x600092fc                g_reliableUpdateAPI
 .rodata.s_usbIRQs
                0x6000931c        0x6 ./source/bootloader/src/usb_hid_msc_peripheral_interface.o
                0x60009324                . = ALIGN (0x4)
 *fill*         0x60009322        0x2 

.glue_7         0x60009324        0x0
 .glue_7        0x60009324        0x0 linker stubs

.glue_7t        0x60009324        0x0
 .glue_7t       0x60009324        0x0 linker stubs

.vfp11_veneer   0x60009324        0x0
 .vfp11_veneer  0x60009324        0x0 linker stubs

.v4_bx          0x60009324        0x0
 .v4_bx         0x60009324        0x0 linker stubs

.iplt           0x60009324        0x0
 .iplt          0x60009324        0x0 ./usb/device/source/ehci/usb_device_ehci.o

.ARM.extab
 *(SORT_BY_ALIGNMENT(.ARM.extab*) SORT_BY_ALIGNMENT(.gnu.linkonce.armextab.*))

.ARM            0x60009324        0x8
                0x60009324                __exidx_start = .
 *(SORT_BY_ALIGNMENT(.ARM.exidx*))
 .ARM.exidx     0x60009324        0x8 c:/nxp/mcuxpressoide_11.2.0_4120/ide/plugins/com.nxp.mcuxpresso.tools.win32_11.2.0.202001021529/tools/bin/../lib/gcc/arm-none-eabi/9.2.1/thumb/v7e-m+dp/hard\libgcc.a(_udivmoddi4.o)
                0x6000932c                __exidx_end = .
                0x6000932c                __etext = .
                0x6000932c                __DATA_ROM = .

.rel.dyn        0x6000932c        0x0
 .rel.iplt      0x6000932c        0x0 ./usb/device/source/ehci/usb_device_ehci.o

.data           0x20208000      0x268 load address 0x6000932c
                0x20208000                . = ALIGN (0x4)
                0x20208000                __DATA_RAM = .
                0x20208000                __data_start__ = .
 *(SORT_BY_ALIGNMENT(.data))
 *(SORT_BY_ALIGNMENT(.data*))
 .data.g_composite_device
                0x20208000        0xc ./source/usb/bm_composite/composite.o
                0x20208000                g_composite_device
 .data.g_composite_device_config_list
                0x2020800c        0xc ./source/usb/bm_composite/composite.o
                0x2020800c                g_composite_device_config_list
 .data.g_hid_generic_class
                0x20208018        0x8 ./source/usb/bm_composite/usb_descriptor.o
                0x20208018                g_hid_generic_class
 .data.g_hid_generic_interface
                0x20208020       0x10 ./source/usb/bm_composite/usb_descriptor.o
                0x20208020                g_hid_generic_interface
 .data.g_hid_generic_interface_list
                0x20208030        0x8 ./source/usb/bm_composite/usb_descriptor.o
                0x20208030                g_hid_generic_interface_list
 .data.g_hid_generic_interfaces
                0x20208038        0xc ./source/usb/bm_composite/usb_descriptor.o
                0x20208038                g_hid_generic_interfaces
 .data.g_language_list
                0x20208044       0x10 ./source/usb/bm_composite/usb_descriptor.o
                0x20208044                g_language_list
 .data.g_string_desc_size
                0x20208054       0x14 ./source/usb/bm_composite/usb_descriptor.o
                0x20208054                g_string_desc_size
 .data.g_string_descriptors
                0x20208068       0x14 ./source/usb/bm_composite/usb_descriptor.o
                0x20208068                g_string_descriptors
 .data.g_usb_lang
                0x2020807c        0xc ./source/usb/bm_composite/usb_descriptor.o
                0x2020807c                g_usb_lang
 .data.g_commandInterface
                0x20208088       0x10 ./source/bootloader/src/bl_command.o
                0x20208088                g_commandInterface
 .data.g_bootloaderContext
                0x20208098       0x24 ./source/bootloader/src/bl_context.o
                0x20208098                g_bootloaderContext
 .data.SystemCoreClock
                0x202080bc        0x4 ./device/system_MIMXRT1062.o
                0x202080bc                SystemCoreClock
 .data.g_memoryMap
                0x202080c0       0x50 ./MIMXRT1062/memory_map_MIMXRT1062.o
                0x202080c0                g_memoryMap
 .data.g_hid_generic_endpoints
                0x20208110        0xc ./source/usb/bm_composite/usb_descriptor.o
                0x20208110                g_hid_generic_endpoints
 .data.g_msc_disk_endpoints
                0x2020811c        0xc ./source/usb/bm_composite/usb_descriptor.o
                0x2020811c                g_msc_disk_endpoints
 .data.g_config_descriptor
                0x20208128       0x29 ./source/usb/bm_composite/usb_descriptor.o
                0x20208128                g_config_descriptor
 .data.g_device_descriptor
                0x20208151       0x12 ./source/usb/bm_composite/usb_descriptor.o
                0x20208151                g_device_descriptor
 .data.g_hid_generic_report_descriptor
                0x20208163       0x4c ./source/usb/bm_composite/usb_descriptor.o
                0x20208163                g_hid_generic_report_descriptor
 .data.g_usb_str_0
                0x202081af        0x4 ./source/usb/bm_composite/usb_descriptor.o
                0x202081af                g_usb_str_0
 .data.g_usb_str_1
                0x202081b3       0x3a ./source/usb/bm_composite/usb_descriptor.o
                0x202081b3                g_usb_str_1
 .data.g_usb_str_2
                0x202081ed       0x2a ./source/usb/bm_composite/usb_descriptor.o
                0x202081ed                g_usb_str_2
 .data.g_usb_str_3
                0x20208217       0x2e ./source/usb/bm_composite/usb_descriptor.o
                0x20208217                g_usb_str_3
 .data.g_usb_str_n
                0x20208245       0x22 ./source/usb/bm_composite/usb_descriptor.o
                0x20208245                g_usb_str_n
                0x20208268                . = ALIGN (0x4)
 *fill*         0x20208267        0x1 
                0x20208268                __data_end__ = .
                0x60009594                __DATA_END = (__DATA_ROM + (__data_end__ - __data_start__))

.igot.plt       0x20208268        0x0 load address 0x60009594
 .igot.plt      0x20208268        0x0 ./usb/device/source/ehci/usb_device_ehci.o

.bss            0x20208800     0x2c60 load address 0x6000a000
                0x20208800                . = ALIGN (0x4)
                0x20208800                __START_BSS = .
                0x20208800                __bss_start__ = .
 *(SORT_BY_ALIGNMENT(.bss))
 *(SORT_BY_ALIGNMENT(.bss*))
 .bss.qh_buffer
                0x20208800     0x1000 ./usb/device/source/ehci/usb_device_ehci.o
 .bss.s_UsbDeviceEhciDtd
                0x20209800      0x400 ./usb/device/source/ehci/usb_device_ehci.o
 .bss.s_UsbDevice
                0x20209c00      0x1b0 ./usb/device/source/usb_device_dci.o
 .bss.g_UsbDeviceEhciState
                0x20209db0      0x138 ./usb/device/source/ehci/usb_device_ehci.o
 .bss.s_UsbDeviceHidHandle
                0x20209ee8       0x28 ./usb/device/class/hid/usb_device_hid.o
 .bss.s_UsbDeviceCommonClassStruct
                0x20209f10       0x20 ./usb/device/class/usb_device_class.o
 .bss.s_UsbDeviceSetupBuffer
                0x20209f30       0x10 ./usb/device/class/usb_device_class.o
 .bss.osaCurrentSr
                0x20209f40        0x4 ./source/utilities/src/fsl_rtos_abstraction.o
                0x20209f40                osaCurrentSr
 .bss.g_device_composite
                0x20209f44        0x4 ./source/usb/bm_composite/hid_bootloader.o
 .bss.g_language_ptr
                0x20209f48        0x4 ./source/usb/bm_composite/usb_descriptor.o
                0x20209f48                g_language_ptr
 .bss.s_loaderBuf
                0x20209f4c       0x14 ./source/sbloader/src/sbloader.o
 .bss.s_loaderContext
                0x20209f60       0x70 ./source/sbloader/src/sbloader.o
 .bss.g_propertyStore
                0x20209fd0       0xd0 ./source/property/src/property_imx.o
                0x20209fd0                g_propertyStore
 .bss.s_propertyReturnValue
                0x2020a0a0        0x4 ./source/property/src/property_imx.o
 .bss.s_flexspiNorConfigBlock
                0x2020a0a4      0x200 ./source/memory/src/flexspi_nor_memory.o
 .bss.s_flexspiNorContext
                0x2020a2a4      0x418 ./source/memory/src/flexspi_nor_memory.o
 .bss.s_finalize
                0x2020a6bc        0x4 ./source/memory/src/memory.o
 .bss.s_flush   0x2020a6c0        0x4 ./source/memory/src/memory.o
 .bss.s_usdhcHandle
                0x2020a6c4        0xc ./source/drivers/usdhc/bl_usdhc.o
 .bss.s_usdhcIsr
                0x2020a6d0        0x4 ./source/drivers/usdhc/bl_usdhc.o
 .bss.s_ocotpTiming
                0x2020a6d4        0xc ./source/drivers/ocotp/bl_ocotp.o
 .bss.s_tickPerMicrosecondMul8
                0x2020a6e0        0x4 ./source/drivers/microseconds/microseconds_pit.o
                0x2020a6e0                s_tickPerMicrosecondMul8
 .bss.g_commandData
                0x2020a6e4       0x34 ./source/bootloader/src/bl_command.o
                0x2020a6e4                g_commandData
 .bss.key_data  0x2020a718       0x10 ./source/bootloader/src/bl_command.o
 .bss.s_addr.12977
                0x2020a728        0x4 ./source/bootloader/src/bl_command.o
 .bss.s_callFunction.12981
                0x2020a72c        0x4 ./source/bootloader/src/bl_command.o
 .bss.s_dataProducerPacket
                0x2020a730      0x3f4 ./source/bootloader/src/bl_command.o
 .bss.s_boot_ctx
                0x2020ab24      0x260 ./source/bootloader/src/bl_reliable_update_common.o
 .bss.temp_buffer.12510
                0x2020ad84      0x200 ./source/bootloader/src/bl_reliable_update_common.o
 .bss.s_lpuart_byte_receive_callback
                0x2020af84        0x4 ./source/bootloader/src/lpuart_peripheral_interface.o
 .bss.g_device_composite
                0x2020af88      0x424 ./source/bootloader/src/usb_hid_msc_peripheral_interface.o
 .bss.g_xtalFreq
                0x2020b3ac        0x4 ./drivers/fsl_clock.o
                0x2020b3ac                g_xtalFreq
 .bss.s_lpspiHandle
                0x2020b3b0       0x14 ./drivers/fsl_lpspi.o
 .bss.s_lpspiMasterIsr
                0x2020b3c4        0x4 ./drivers/fsl_lpspi.o
 .bss.s_lpspiSlaveIsr
                0x2020b3c8        0x4 ./drivers/fsl_lpspi.o
 .bss.s_lpuartHandle
                0x2020b3cc       0x24 ./drivers/fsl_lpuart.o
 .bss.s_lpuartIsr
                0x2020b3f0        0x4 ./drivers/fsl_lpuart.o
 .bss.g_externalMemoryMap
                0x2020b3f4       0x14 ./MIMXRT1062/memory_map_MIMXRT1062.o
                0x2020b3f4                g_externalMemoryMap
 .bss.s_pin_irq_func
                0x2020b408        0x8 ./MIMXRT1062/pinmux_utility_imxrt_series.o
 .bss.g_UsbDeviceEhciStateStatus
                0x2020b410        0x2 ./usb/device/source/ehci/usb_device_ehci.o
 .bss.s_ocotpIntialized
                0x2020b412        0x1 ./source/drivers/ocotp/bl_ocotp.o
 .bss.key_blob  0x2020b413       0x48 ./source/bootloader/src/bl_command.o
 .bss.s_dHidMscActivity
                0x2020b45b        0x2 ./source/bootloader/src/usb_hid_msc_peripheral_interface.o
 *(SORT_BY_ALIGNMENT(COMMON))
                0x2020b460                . = ALIGN (0x4)
 *fill*         0x2020b45d        0x3 
                0x2020b460                __bss_end__ = .
                0x2020b460                __END_BSS = .

m_usb_bdt       0x2020b460      0x1a0 load address 0x6000cc60
                0x2020b600                . = ALIGN (0x200)
 *fill*         0x2020b460      0x1a0 
                0x2020b600                __START_USBGLOBAL = .
 *(SORT_BY_ALIGNMENT(m_usb_bdt))
 *(SORT_BY_ALIGNMENT(m_usb_bdt))

m_usb_global    0x2020b600        0x0
 *(SORT_BY_ALIGNMENT(m_usb_global))
 *(SORT_BY_ALIGNMENT(m_usb_global))
                0x2020b600                __END_USBGLOBAL = .

.heap           0x2020b600        0x0
                0x2020b600                . = ALIGN (0x8)
                0x2020b600                __end__ = .
                [!provide]                PROVIDE (end = .)
                0x2020b600                __HeapBase = .
                0x2020b600                _pvHeapStart = .
                0x2020b600                . = (. + HEAP_SIZE)
                0x2020b600                __HeapLimit = .

.stack          0x2020b600     0x2000 load address 0x6000ce00
                0x2020b600                . = ALIGN (0x8)
                0x2020b600                __StackLimit = .
                0x2020d600                . = (. + STACK_SIZE)
 *fill*         0x2020b600     0x2000 
                0x2020d600                __StackTop = .
                0x2020d600                __STACK_TOP = .
                [!provide]                PROVIDE (__stack = __StackTop)

.ARM.attributes
                0x00000000       0x30
 *(SORT_BY_ALIGNMENT(.ARM.attributes))
 .ARM.attributes
                0x00000000       0x32 ./usb/device/source/ehci/usb_device_ehci.o
 .ARM.attributes
                0x00000032       0x32 ./usb/device/source/usb_device_ch9.o
 .ARM.attributes
                0x00000064       0x32 ./usb/device/source/usb_device_dci.o
 .ARM.attributes
                0x00000096       0x32 ./usb/device/class/hid/usb_device_hid.o
 .ARM.attributes
                0x000000c8       0x32 ./usb/device/class/usb_device_class.o
 .ARM.attributes
                0x000000fa       0x1d ./startup/crt0_gcc.o
 .ARM.attributes
                0x00000117       0x32 ./startup/startup.o
 .ARM.attributes
                0x00000149       0x1d ./startup/startup_MIMXRT1062.o
 .ARM.attributes
                0x00000166       0x32 ./source/utilities/src/fsl_rtos_abstraction.o
 .ARM.attributes
                0x00000198       0x37 ./source/usb/bm_composite/composite.o
 .ARM.attributes
                0x000001cf       0x32 ./source/usb/bm_composite/hid_bootloader.o
 .ARM.attributes
                0x00000201       0x32 ./source/usb/bm_composite/usb_descriptor.o
 .ARM.attributes
                0x00000233       0x32 ./source/sbloader/src/sbloader.o
 .ARM.attributes
                0x00000265       0x32 ./source/property/src/property_imx.o
 .ARM.attributes
                0x00000297       0x32 ./source/memory/src/flexspi_nor_memory.o
 .ARM.attributes
                0x000002c9       0x32 ./source/memory/src/memory.o
 .ARM.attributes
                0x000002fb       0x32 ./source/memory/src/normal_memory.o
 .ARM.attributes
                0x0000032d       0x1d ./source/memory/src/pattern_fill_gcc.o
 .ARM.attributes
                0x0000034a       0x32 ./source/drivers/usdhc/bl_usdhc.o
 .ARM.attributes
                0x0000037c       0x32 ./source/drivers/trng/bl_trng.o
 .ARM.attributes
                0x000003ae       0x32 ./source/drivers/ocotp/bl_ocotp.o
 .ARM.attributes
                0x000003e0       0x32 ./source/drivers/microseconds/microseconds_pit.o
 .ARM.attributes
                0x00000412       0x32 ./source/drivers/flexspi/bl_flexspi.o
 .ARM.attributes
                0x00000444       0x32 ./source/drivers/dcp/bl_dcp.o
 .ARM.attributes
                0x00000476       0x32 ./source/crc/crc32.o
 .ARM.attributes
                0x000004a8       0x32 ./source/bootloader/src/bl_command.o
 .ARM.attributes
                0x000004da       0x37 ./source/bootloader/src/bl_context.o
 .ARM.attributes
                0x00000511       0x32 ./source/bootloader/src/bl_exception_handler.o
 .ARM.attributes
                0x00000543       0x32 ./source/bootloader/src/bl_keyblob_dcp.o
 .ARM.attributes
                0x00000575       0x32 ./source/bootloader/src/bl_main.o
 .ARM.attributes
                0x000005a7       0x32 ./source/bootloader/src/bl_reliable_update_common.o
 .ARM.attributes
                0x000005d9       0x32 ./source/bootloader/src/bl_shutdown_cleanup.o
 .ARM.attributes
                0x0000060b       0x32 ./source/bootloader/src/lpuart_peripheral_interface.o
 .ARM.attributes
                0x0000063d       0x32 ./source/bootloader/src/usb_hid_msc_peripheral_interface.o
 .ARM.attributes
                0x0000066f       0x32 ./drivers/fsl_clock.o
 .ARM.attributes
                0x000006a1       0x32 ./drivers/fsl_lpspi.o
 .ARM.attributes
                0x000006d3       0x32 ./drivers/fsl_lpuart.o
 .ARM.attributes
                0x00000705       0x32 ./device/system_MIMXRT1062.o
 .ARM.attributes
                0x00000737       0x32 ./component/osa/fsl_os_abstraction_bm.o
 .ARM.attributes
                0x00000769       0x32 ./MIMXRT1062/bl_api.o
 .ARM.attributes
                0x0000079b       0x32 ./MIMXRT1062/bl_clock_config_MIMXRT1062.o
 .ARM.attributes
                0x000007cd       0x37 ./MIMXRT1062/bl_peripherals_MIMXRT1062.o
 .ARM.attributes
                0x00000804       0x37 ./MIMXRT1062/external_memory_property_map_MIMXRT1062.o
 .ARM.attributes
                0x0000083b       0x32 ./MIMXRT1062/hardware_init_MIMXRT1062.o
 .ARM.attributes
                0x0000086d       0x37 ./MIMXRT1062/memory_map_MIMXRT1062.o
 .ARM.attributes
                0x000008a4       0x32 ./MIMXRT1062/pinmux_utility_imxrt_series.o
 .ARM.attributes
                0x000008d6       0x1e c:/nxp/mcuxpressoide_11.2.0_4120/ide/plugins/com.nxp.mcuxpresso.tools.win32_11.2.0.202001021529/tools/bin/../lib/gcc/arm-none-eabi/9.2.1/thumb/v7e-m+dp/hard\libgcc.a(_aeabi_uldivmod.o)
 .ARM.attributes
                0x000008f4       0x32 c:/nxp/mcuxpressoide_11.2.0_4120/ide/plugins/com.nxp.mcuxpresso.tools.win32_11.2.0.202001021529/tools/bin/../lib/gcc/arm-none-eabi/9.2.1/thumb/v7e-m+dp/hard\libgcc.a(_udivmoddi4.o)
 .ARM.attributes
                0x00000926       0x1e c:/nxp/mcuxpressoide_11.2.0_4120/ide/plugins/com.nxp.mcuxpresso.tools.win32_11.2.0.202001021529/tools/bin/../lib/gcc/arm-none-eabi/9.2.1/thumb/v7e-m+dp/hard\libgcc.a(_dvmd_tls.o)
 .ARM.attributes
                0x00000944       0x32 c:/nxp/mcuxpressoide_11.2.0_4120/ide/plugins/com.nxp.mcuxpresso.tools.win32_11.2.0.202001021529/tools/bin/../lib/gcc/arm-none-eabi/9.2.1/../../../../arm-none-eabi/lib/thumb/v7e-m+dp/hard\libc_nano.a(lib_a-memcmp.o)
 .ARM.attributes
                0x00000976       0x32 c:/nxp/mcuxpressoide_11.2.0_4120/ide/plugins/com.nxp.mcuxpresso.tools.win32_11.2.0.202001021529/tools/bin/../lib/gcc/arm-none-eabi/9.2.1/../../../../arm-none-eabi/lib/thumb/v7e-m+dp/hard\libc_nano.a(lib_a-memcpy-stub.o)
 .ARM.attributes
                0x000009a8       0x32 c:/nxp/mcuxpressoide_11.2.0_4120/ide/plugins/com.nxp.mcuxpresso.tools.win32_11.2.0.202001021529/tools/bin/../lib/gcc/arm-none-eabi/9.2.1/../../../../arm-none-eabi/lib/thumb/v7e-m+dp/hard\libc_nano.a(lib_a-memset.o)
                0x00000001                ASSERT ((__StackLimit >= __HeapLimit), region m_data overflowed with stack and heap)
OUTPUT(evkmimxrt1060_ota_bootloader.axf elf32-littlearm)

.debug_info     0x00000000    0x6500e
 .debug_info    0x00000000     0x2a6a ./usb/device/source/ehci/usb_device_ehci.o
 .debug_info    0x00002a6a     0x268d ./usb/device/source/usb_device_ch9.o
 .debug_info    0x000050f7     0x201a ./usb/device/source/usb_device_dci.o
 .debug_info    0x00007111     0x1b3f ./usb/device/class/hid/usb_device_hid.o
 .debug_info    0x00008c50     0x1a62 ./usb/device/class/usb_device_class.o
 .debug_info    0x0000a6b2       0x26 ./startup/crt0_gcc.o
 .debug_info    0x0000a6d8      0x6f5 ./startup/startup.o
 .debug_info    0x0000adcd       0x26 ./startup/startup_MIMXRT1062.o
 .debug_info    0x0000adf3      0xe31 ./source/utilities/src/fsl_rtos_abstraction.o
 .debug_info    0x0000bc24     0x118d ./source/usb/bm_composite/composite.o
 .debug_info    0x0000cdb1     0x167c ./source/usb/bm_composite/hid_bootloader.o
 .debug_info    0x0000e42d     0x188b ./source/usb/bm_composite/usb_descriptor.o
 .debug_info    0x0000fcb8     0x3c49 ./source/sbloader/src/sbloader.o
 .debug_info    0x00013901     0x2e4e ./source/property/src/property_imx.o
 .debug_info    0x0001674f     0x3f8f ./source/memory/src/flexspi_nor_memory.o
 .debug_info    0x0001a6de     0x272a ./source/memory/src/memory.o
 .debug_info    0x0001ce08     0x123d ./source/memory/src/normal_memory.o
 .debug_info    0x0001e045       0x26 ./source/memory/src/pattern_fill_gcc.o
 .debug_info    0x0001e06b     0x405f ./source/drivers/usdhc/bl_usdhc.o
 .debug_info    0x000220ca     0x1c57 ./source/drivers/trng/bl_trng.o
 .debug_info    0x00023d21     0x1aee ./source/drivers/ocotp/bl_ocotp.o
 .debug_info    0x0002580f     0x15dc ./source/drivers/microseconds/microseconds_pit.o
 .debug_info    0x00026deb     0x3be3 ./source/drivers/flexspi/bl_flexspi.o
 .debug_info    0x0002a9ce     0x2b3d ./source/drivers/dcp/bl_dcp.o
 .debug_info    0x0002d50b      0xdb7 ./source/crc/crc32.o
 .debug_info    0x0002e2c2     0x4d10 ./source/bootloader/src/bl_command.o
 .debug_info    0x00032fd2     0x1cf3 ./source/bootloader/src/bl_context.o
 .debug_info    0x00034cc5      0xd87 ./source/bootloader/src/bl_exception_handler.o
 .debug_info    0x00035a4c     0x1329 ./source/bootloader/src/bl_keyblob_dcp.o
 .debug_info    0x00036d75     0x2515 ./source/bootloader/src/bl_main.o
 .debug_info    0x0003928a     0x3752 ./source/bootloader/src/bl_reliable_update_common.o
 .debug_info    0x0003c9dc     0x1d4a ./source/bootloader/src/bl_shutdown_cleanup.o
 .debug_info    0x0003e726     0x284e ./source/bootloader/src/lpuart_peripheral_interface.o
 .debug_info    0x00040f74     0x4375 ./source/bootloader/src/usb_hid_msc_peripheral_interface.o
 .debug_info    0x000452e9     0x2937 ./drivers/fsl_clock.o
 .debug_info    0x00047c20     0x4a7f ./drivers/fsl_lpspi.o
 .debug_info    0x0004c69f     0x32a8 ./drivers/fsl_lpuart.o
 .debug_info    0x0004f947      0x4ee ./device/system_MIMXRT1062.o
 .debug_info    0x0004fe35     0x1f2d ./component/osa/fsl_os_abstraction_bm.o
 .debug_info    0x00051d62     0x3237 ./MIMXRT1062/bl_api.o
 .debug_info    0x00054f99     0x2ded ./MIMXRT1062/bl_clock_config_MIMXRT1062.o
 .debug_info    0x00057d86     0x1ee4 ./MIMXRT1062/bl_peripherals_MIMXRT1062.o
 .debug_info    0x00059c6a     0x17b0 ./MIMXRT1062/external_memory_property_map_MIMXRT1062.o
 .debug_info    0x0005b41a     0x532a ./MIMXRT1062/hardware_init_MIMXRT1062.o
 .debug_info    0x00060744     0x1d35 ./MIMXRT1062/memory_map_MIMXRT1062.o
 .debug_info    0x00062479     0x2b95 ./MIMXRT1062/pinmux_utility_imxrt_series.o

.debug_abbrev   0x00000000     0xa2b0
 .debug_abbrev  0x00000000      0x539 ./usb/device/source/ehci/usb_device_ehci.o
 .debug_abbrev  0x00000539      0x3d7 ./usb/device/source/usb_device_ch9.o
 .debug_abbrev  0x00000910      0x423 ./usb/device/source/usb_device_dci.o
 .debug_abbrev  0x00000d33      0x3e4 ./usb/device/class/hid/usb_device_hid.o
 .debug_abbrev  0x00001117      0x377 ./usb/device/class/usb_device_class.o
 .debug_abbrev  0x0000148e       0x14 ./startup/crt0_gcc.o
 .debug_abbrev  0x000014a2      0x172 ./startup/startup.o
 .debug_abbrev  0x00001614       0x14 ./startup/startup_MIMXRT1062.o
 .debug_abbrev  0x00001628      0x2c4 ./source/utilities/src/fsl_rtos_abstraction.o
 .debug_abbrev  0x000018ec      0x1db ./source/usb/bm_composite/composite.o
 .debug_abbrev  0x00001ac7      0x27e ./source/usb/bm_composite/hid_bootloader.o
 .debug_abbrev  0x00001d45      0x2ed ./source/usb/bm_composite/usb_descriptor.o
 .debug_abbrev  0x00002032      0x549 ./source/sbloader/src/sbloader.o
 .debug_abbrev  0x0000257b      0x44c ./source/property/src/property_imx.o
 .debug_abbrev  0x000029c7      0x569 ./source/memory/src/flexspi_nor_memory.o
 .debug_abbrev  0x00002f30      0x44d ./source/memory/src/memory.o
 .debug_abbrev  0x0000337d      0x268 ./source/memory/src/normal_memory.o
 .debug_abbrev  0x000035e5       0x14 ./source/memory/src/pattern_fill_gcc.o
 .debug_abbrev  0x000035f9      0x527 ./source/drivers/usdhc/bl_usdhc.o
 .debug_abbrev  0x00003b20      0x3ca ./source/drivers/trng/bl_trng.o
 .debug_abbrev  0x00003eea      0x3ad ./source/drivers/ocotp/bl_ocotp.o
 .debug_abbrev  0x00004297      0x3af ./source/drivers/microseconds/microseconds_pit.o
 .debug_abbrev  0x00004646      0x54a ./source/drivers/flexspi/bl_flexspi.o
 .debug_abbrev  0x00004b90      0x593 ./source/drivers/dcp/bl_dcp.o
 .debug_abbrev  0x00005123      0x262 ./source/crc/crc32.o
 .debug_abbrev  0x00005385      0x572 ./source/bootloader/src/bl_command.o
 .debug_abbrev  0x000058f7      0x208 ./source/bootloader/src/bl_context.o
 .debug_abbrev  0x00005aff      0x20b ./source/bootloader/src/bl_exception_handler.o
 .debug_abbrev  0x00005d0a      0x2a9 ./source/bootloader/src/bl_keyblob_dcp.o
 .debug_abbrev  0x00005fb3      0x4fe ./source/bootloader/src/bl_main.o
 .debug_abbrev  0x000064b1      0x550 ./source/bootloader/src/bl_reliable_update_common.o
 .debug_abbrev  0x00006a01      0x2b6 ./source/bootloader/src/bl_shutdown_cleanup.o
 .debug_abbrev  0x00006cb7      0x3a0 ./source/bootloader/src/lpuart_peripheral_interface.o
 .debug_abbrev  0x00007057      0x56a ./source/bootloader/src/usb_hid_msc_peripheral_interface.o
 .debug_abbrev  0x000075c1      0x4ec ./drivers/fsl_clock.o
 .debug_abbrev  0x00007aad      0x599 ./drivers/fsl_lpspi.o
 .debug_abbrev  0x00008046      0x4f3 ./drivers/fsl_lpuart.o
 .debug_abbrev  0x00008539      0x132 ./device/system_MIMXRT1062.o
 .debug_abbrev  0x0000866b      0x50d ./component/osa/fsl_os_abstraction_bm.o
 .debug_abbrev  0x00008b78      0x30b ./MIMXRT1062/bl_api.o
 .debug_abbrev  0x00008e83      0x47b ./MIMXRT1062/bl_clock_config_MIMXRT1062.o
 .debug_abbrev  0x000092fe      0x208 ./MIMXRT1062/bl_peripherals_MIMXRT1062.o
 .debug_abbrev  0x00009506      0x20c ./MIMXRT1062/external_memory_property_map_MIMXRT1062.o
 .debug_abbrev  0x00009712      0x593 ./MIMXRT1062/hardware_init_MIMXRT1062.o
 .debug_abbrev  0x00009ca5      0x21b ./MIMXRT1062/memory_map_MIMXRT1062.o
 .debug_abbrev  0x00009ec0      0x3f0 ./MIMXRT1062/pinmux_utility_imxrt_series.o

.debug_loc      0x00000000    0x1a397
 .debug_loc     0x00000000     0x1a70 ./usb/device/source/ehci/usb_device_ehci.o
 .debug_loc     0x00001a70      0xf1f ./usb/device/source/usb_device_ch9.o
 .debug_loc     0x0000298f     0x13c0 ./usb/device/source/usb_device_dci.o
 .debug_loc     0x00003d4f      0xe44 ./usb/device/class/hid/usb_device_hid.o
 .debug_loc     0x00004b93      0x791 ./usb/device/class/usb_device_class.o
 .debug_loc     0x00005324      0x14a ./startup/startup.o
 .debug_loc     0x0000546e       0xbb ./source/utilities/src/fsl_rtos_abstraction.o
 .debug_loc     0x00005529      0x3c7 ./source/usb/bm_composite/hid_bootloader.o
 .debug_loc     0x000058f0      0x1dc ./source/usb/bm_composite/usb_descriptor.o
 .debug_loc     0x00005acc      0xc4d ./source/sbloader/src/sbloader.o
 .debug_loc     0x00006719      0x710 ./source/property/src/property_imx.o
 .debug_loc     0x00006e29     0x12b1 ./source/memory/src/flexspi_nor_memory.o
 .debug_loc     0x000080da      0xd13 ./source/memory/src/memory.o
 .debug_loc     0x00008ded      0x1b5 ./source/memory/src/normal_memory.o
 .debug_loc     0x00008fa2     0x21a2 ./source/drivers/usdhc/bl_usdhc.o
 .debug_loc     0x0000b144      0x937 ./source/drivers/trng/bl_trng.o
 .debug_loc     0x0000ba7b      0x3ff ./source/drivers/ocotp/bl_ocotp.o
 .debug_loc     0x0000be7a      0x1e9 ./source/drivers/microseconds/microseconds_pit.o
 .debug_loc     0x0000c063     0x13cf ./source/drivers/flexspi/bl_flexspi.o
 .debug_loc     0x0000d432     0x151a ./source/drivers/dcp/bl_dcp.o
 .debug_loc     0x0000e94c       0xe7 ./source/crc/crc32.o
 .debug_loc     0x0000ea33     0x1608 ./source/bootloader/src/bl_command.o
 .debug_loc     0x0001003b      0x12d ./source/bootloader/src/bl_keyblob_dcp.o
 .debug_loc     0x00010168      0x3f1 ./source/bootloader/src/bl_main.o
 .debug_loc     0x00010559     0x12aa ./source/bootloader/src/bl_reliable_update_common.o
 .debug_loc     0x00011803       0x25 ./source/bootloader/src/bl_shutdown_cleanup.o
 .debug_loc     0x00011828      0x26c ./source/bootloader/src/lpuart_peripheral_interface.o
 .debug_loc     0x00011a94      0xc2e ./source/bootloader/src/usb_hid_msc_peripheral_interface.o
 .debug_loc     0x000126c2      0xc4e ./drivers/fsl_clock.o
 .debug_loc     0x00013310     0x2d8b ./drivers/fsl_lpspi.o
 .debug_loc     0x0001609b     0x16f7 ./drivers/fsl_lpuart.o
 .debug_loc     0x00017792      0xd0d ./component/osa/fsl_os_abstraction_bm.o