microseconds_pit.c:80:6:microseconds_shutdown	0	static
microseconds_pit.c:91:10:microseconds_get_ticks	8	static
microseconds_pit.c:122:10:microseconds_convert_to_microseconds	0	static
microseconds_pit.c:129:10:microseconds_convert_to_ticks	0	static
microseconds_pit.c:137:6:microseconds_delay	24	static
microseconds_pit.c:152:6:microseconds_set_delay	8	static
microseconds_pit.c:163:6:microseconds_timeout	8	static
microseconds_pit.c:171:17:microseconds_get_clock	0	static
microseconds_pit.c:45:6:microseconds_init	8	static
