fsl_clock.h:1063:20:CLOCK_ControlGate	12	static
fsl_common.h:484:28:EnableIRQ	0	static
fsl_lpspi.c:1268:13:LPSPI_MasterTransferComplete	4	static
fsl_lpspi.c:1711:13:LPSPI_SlaveTransferComplete	4	static
fsl_lpspi.c:1936:17:LPSPI_CombineWriteData	8	static
fsl_lpspi.c:1200:13:LPSPI_MasterTransferFillUpTxFifo	24	static
fsl_lpspi.c:1679:13:LPSPI_SlaveTransferFillUpTxFifo	16	static
fsl_lpspi.c:2100:13:LPSPI_CommonIRQHandler	8	static
fsl_lpspi.c:2020:13:LPSPI_SeparateReadData	12	static
fsl_lpspi.c:1355:6:LPSPI_MasterTransferHandleIRQ	24	static
fsl_lpspi.c:1809:6:LPSPI_SlaveTransferHandleIRQ	24	static
fsl_lpspi.c:145:10:LPSPI_GetInstance	0	static
fsl_lpspi.c:173:6:LPSPI_SetDummyData	8	static
fsl_lpspi.c:249:6:LPSPI_MasterGetDefaultConfig	8	static
fsl_lpspi.c:279:6:LPSPI_SlaveInit	16	static
fsl_lpspi.c:326:6:LPSPI_SlaveGetDefaultConfig	8	static
fsl_lpspi.c:351:6:LPSPI_Reset	0	static
fsl_lpspi.c:367:6:LPSPI_Deinit	8	static
fsl_lpspi.c:420:10:LPSPI_MasterSetBaudRate	48	static
fsl_lpspi.c:524:6:LPSPI_MasterSetDelayScaler	0	static
fsl_lpspi.c:575:10:LPSPI_MasterSetDelayTimes	56	static
fsl_lpspi.c:186:6:LPSPI_MasterInit	32	static
fsl_lpspi.c:698:6:LPSPI_MasterTransferCreateHandle	24	static
fsl_lpspi.c:725:6:LPSPI_CheckTransferArgument	0	static
fsl_lpspi.c:791:10:LPSPI_MasterTransferBlocking	56	static
fsl_lpspi.c:1036:10:LPSPI_MasterTransferNonBlocking	32	static
fsl_lpspi.c:1293:10:LPSPI_MasterTransferGetCount	0	static
fsl_lpspi.c:1333:6:LPSPI_MasterTransferAbort	8	static
fsl_lpspi.c:1469:6:LPSPI_SlaveTransferCreateHandle	24	static
fsl_lpspi.c:1506:10:LPSPI_SlaveTransferNonBlocking	24	static
fsl_lpspi.c:1747:10:LPSPI_SlaveTransferGetCount	0	static
fsl_lpspi.c:1787:6:LPSPI_SlaveTransferAbort	8	static
fsl_lpspi.c:2122:6:LPSPI1_DriverIRQHandler	0	static
fsl_lpspi.c:2130:6:LPSPI2_DriverIRQHandler	0	static
fsl_lpspi.c:2138:6:LPSPI3_DriverIRQHandler	0	static
fsl_lpspi.c:2146:6:LPSPI4_DriverIRQHandler	0	static
