core_cm7.h:2156:34:__NVIC_SystemReset	0	static
bl_command.c:263:10:bootloader_command_init	0	static
bl_command.c:471:13:reset_data_phase	0	static
bl_command.c:1334:6:send_generic_response	24	static
bl_command.c:272:10:bootloader_command_pump	32	static
bl_command.c:418:6:handle_reset	8	static
bl_command.c:439:6:handle_reliable_update	16	static
bl_command.c:478:6:handle_flash_erase_all	8	static
bl_command.c:579:6:handle_flash_erase_all_unsecure	0	static
bl_command.c:599:6:handle_flash_erase_region	8	static
bl_command.c:611:6:handle_receive_sb_file	8	static
bl_command.c:644:6:handle_set_property	8	static
bl_command.c:656:6:handle_configure_memory	16	static
bl_command.c:739:6:handle_write_memory	8	static
bl_command.c:806:6:finalize_data_phase	16	static
bl_command.c:911:10:handle_data_consumer	48	static
bl_command.c:1023:10:handle_data_producer	48	static
bl_command.c:880:10:handle_key_blob_data	0	static
bl_command.c:893:10:handle_data_bidirection	0	static
bl_command.c:1145:6:handle_fill_memory	8	static
bl_command.c:1156:6:handle_execute	24	static
bl_command.c:1223:6:handle_call	16	static
bl_command.c:1266:6:handle_flash_program_once	16	static
bl_command.c:1354:6:send_get_property_response	40	static
bl_command.c:626:6:handle_get_property	24	static
bl_command.c:1381:6:send_generate_key_blob_response	24	static
bl_command.c:761:6:handle_generate_key_blob	16	static
bl_command.c:1402:6:send_read_memory_response	24	static
bl_command.c:792:6:handle_read_memory	8	static
bl_command.c:1422:6:send_flash_read_once_response	40	static
bl_command.c:1292:6:handle_flash_read_once	24	static
bl_command.c:1454:6:send_flash_read_resource_response	24	static
bl_command.c:1320:6:handle_flash_read_resource	8	static
