bl_reliable_update_common.c:1012:13:update_reliable_update_status	0	static
bl_reliable_update_common.c:181:10:get_partition_info	8	static
bl_reliable_update_common.c:194:10:get_update_partition	0	static
bl_reliable_update_common.c:203:10:get_active_partition	0	static
bl_reliable_update_common.c:229:17:flash_read	8	static
bl_reliable_update_common.c:241:10:swap_meta_check	0	static
bl_reliable_update_common.c:268:10:boot_meta_check	0	static
bl_reliable_update_common.c:291:10:get_image_header	72	static
bl_reliable_update_common.c:322:10:boot_image_check	104	static
bl_reliable_update_common.c:371:10:flash_copy	24	static
bl_reliable_update_common.c:401:10:load_boot_meta	1056	static
bl_reliable_update_common.c:454:10:update_boot_meta	1064	static
bl_reliable_update_common.c:506:10:update_default_swap_meta	8	static
bl_reliable_update_common.c:516:10:load_swap_meta	168	static
bl_reliable_update_common.c:555:10:update_swap_meta	176	static
bl_reliable_update_common.c:615:10:boot_go	168	static
bl_reliable_update_common.c:648:6:show_boot_meta_info	0	static
bl_reliable_update_common.c:659:6:show_swap_meta_info	0	static
bl_reliable_update_common.c:796:10:run_swap_routine	56	static
bl_reliable_update_common.c:985:10:do_swap_if_needed	0	static
bl_reliable_update_common.c:685:6:bootloader_reliable_update_as_requested	176	static
