bl_mmc.c:623:17:MMC_SendOperationCondition	64	static
bl_mmc.c:712:17:MMC_SetRelativeAddress	56	static
bl_mmc.c:1975:17:MMC_CheckBlockRange	0	static
bl_mmc.c:828:13:MMC_SetMaxFrequency	8	static
bl_mmc.c:1923:17:MMC_AllSendCid	64	static
bl_mmc.c:1948:17:MMC_SendCsd	64	static
bl_mmc.c:412:24:MMC_SelectCard	0	static
bl_mmc.c:440:17:MMC_ExecuteTuning	4	static
bl_mmc.c:463:17:MMC_Transfer	32	static
bl_mmc.c:514:17:MMC_WaitWriteComplete	72	static
bl_mmc.c:550:17:MMC_StopTransmission	56	static
bl_mmc.c:666:17:MMC_BL_SendOperationCondition	80	static
bl_mmc.c:880:17:MMC_SetExtendedCsdConfig	64	static
bl_mmc.c:1322:17:MMC_SetDataBusWidth	24	static
bl_mmc.c:847:17:MMC_SetMaxEraseUnitSize	16	static
bl_mmc.c:1464:17:MMC_SwitchHSTiming.constprop	24	static
bl_mmc.c:1238:17:MMC_TestDataBusWidth	112	static
bl_mmc.c:1353:17:MMC_SetMaxDataBusWidth	16	static
bl_mmc.c:1404:17:MMC_BL_SelectBusWidth	16	static
bl_mmc.c:1014:17:MMC_SendExtendedCsd.constprop	80	static
bl_mmc.c:2257:10:MMC_Init	24	static
bl_mmc.c:2386:6:MMC_Deinit	8	static
bl_mmc.c:2396:10:MMC_BL_Init	16	static
bl_mmc.c:2551:6:MMC_CheckReadOnly	0	static
bl_mmc.c:2559:10:MMC_SelectPartition	24	static
bl_mmc.c:2586:10:MMC_ReadBlocks	112	static
bl_mmc.c:2631:10:MMC_WriteBlocks	104	static
bl_mmc.c:2676:10:MMC_EraseGroups	72	static
bl_mmc.c:2754:10:MMC_SetBootConfig	24	static
