bl_sd.c:460:17:SD_SendRca	56	static
bl_sd.c:931:17:SD_AllSendCid	64	static
bl_sd.c:881:17:SD_SendCsd	64	static
bl_sd.c:308:24:SD_SelectCard	0	static
bl_sd.c:336:24:SD_ExecuteTuning	0	static
bl_sd.c:357:17:SD_Transfer	32	static
bl_sd.c:406:17:SD_WaitWriteComplete	64	static
bl_sd.c:437:17:SD_StopTransmission	56	static
bl_sd.c:575:17:SD_SendScr	96	static
bl_sd.c:743:17:SD_SetDataBusWidth.constprop	64	static
bl_sd.c:482:17:SD_SwitchFunction.constprop	96	static
bl_sd.c:633:17:SD_SelectFunction	48	static
bl_sd.c:1563:10:SD_Init	72	static
bl_sd.c:1713:10:SD_BL_Init	88	static
bl_sd.c:1926:6:SD_Deinit	8	static
bl_sd.c:1936:6:SD_CheckReadOnly	0	static
bl_sd.c:1944:10:SD_ReadBlocks	104	static
bl_sd.c:1989:10:SD_WriteBlocks	104	static
bl_sd.c:2033:10:SD_EraseBlocks	88	static
