fsl_clock.h:1063:20:CLOCK_ControlGate	12	static
bl_usdhc.c:193:17:USDHC_GetInstance	0	static
bl_usdhc.c:207:13:USDHC_SetTransferInterrupt	16	static
bl_usdhc.c:227:17:USDHC_SetTransferConfig	12	static
bl_usdhc.c:318:17:USDHC_ReceiveCommandResponse	16	static
bl_usdhc.c:354:17:USDHC_ReadDataPort	12	static
bl_usdhc.c:468:17:USDHC_WriteDataPort	12	static
bl_usdhc.c:1545:6:USDHC_TransferHandleIRQ	24	static
bl_usdhc.c:589:6:USDHC_SendCommand	8	static
bl_usdhc.c:764:6:USDHC_Deinit	8	static
bl_usdhc.c:770:6:USDHC_Reset	8	static
bl_usdhc.c:716:6:USDHC_Init	16	static
bl_usdhc.c:786:6:USDHC_GetCapability	0	static
bl_usdhc.c:802:10:USDHC_SetSdClock	16	static
bl_usdhc.c:901:6:USDHC_SetCardActive	0	static
bl_usdhc.c:917:6:USDHC_SetMmcBootConfig	0	static
bl_usdhc.c:944:10:USDHC_SetAdmaTableConfig	24	static
bl_usdhc.c:1117:10:USDHC_TransferBlocking	40	static
bl_usdhc.c:1203:10:USDHC_TransferNonBlocking	24	static
bl_usdhc.c:1300:6:USDHC_EnableManualTuning	0	static
bl_usdhc.c:1318:10:USDHC_AdjustDelayForManualTuning	0	static
bl_usdhc.c:1340:6:USDHC_EnableStandardTuning	8	static
bl_usdhc.c:1369:6:USDHC_EnableAutoTuningForCmdAndData	0	static
bl_usdhc.c:1512:6:USDHC_TransferCreateHandle	24	static
bl_usdhc.c:1590:6:USDHC1_DriverIRQHandler	0	static
bl_usdhc.c:1597:6:USDHC2_DriverIRQHandler	0	static
