hardware_init_MIMXRT1062.c:1378:10:get_update_partition_info	544	static
hardware_init_MIMXRT1062.c:1533:10:get_image_state	88	static
hardware_init_MIMXRT1062.c:255:6:flexspi_iomux_config	24	static
hardware_init_MIMXRT1062.c:861:10:get_uart_clock	0	static
hardware_init_MIMXRT1062.c:885:6:is_boot_pin_asserted	0	static
hardware_init_MIMXRT1062.c:913:10:get_primary_boot_device	0	static
hardware_init_MIMXRT1062.c:957:10:flexspi_set_failsafe_setting	0	static
hardware_init_MIMXRT1062.c:999:6:dummy_byte_callback	0	static
hardware_init_MIMXRT1062.c:1004:6:debug_init	0	static
hardware_init_MIMXRT1062.c:1015:6:update_available_peripherals	0	static
hardware_init_MIMXRT1062.c:1017:6:init_hardware	0	static
hardware_init_MIMXRT1062.c:1049:6:deinit_hardware	0	static
hardware_init_MIMXRT1062.c:1055:10:flexspi_nor_write_persistent	0	static
hardware_init_MIMXRT1062.c:1062:10:flexspi_nor_read_persistent	0	static
hardware_init_MIMXRT1062.c:1070:20:get_hab_status	0	static
hardware_init_MIMXRT1062.c:1082:6:flexspi_update_padsetting	0	static
hardware_init_MIMXRT1062.c:1101:10:get_flexspinor_instance	0	static
hardware_init_MIMXRT1062.c:1106:10:get_flexspinor_amba_base	8	static
hardware_init_MIMXRT1062.c:1118:6:normal_mem_init	192	static
hardware_init_MIMXRT1062.c:1158:10:target_load_bootloader_config_area	8	static
hardware_init_MIMXRT1062.c:1186:10:api_update_swap_meta	1200	static
hardware_init_MIMXRT1062.c:1423:10:update_image_state	256	static
hardware_init_MIMXRT1062.c:1256:10:app_api_update_swap_meta	184	static
hardware_init_MIMXRT1062.c:1478:10:update_image_state_user_api	256	static
hardware_init_MIMXRT1062.c:1317:10:app_api_update_boot_meta	1072	static
hardware_init_MIMXRT1062.c:1391:10:update_partition_table_user_api.part.0	544	static
hardware_init_MIMXRT1062.c:1391:10:update_partition_table_user_api	0	static
